Archive member included to satisfy reference by file (symbol)

.\CortexM3\ARM_GCC_541\Debug\OLED_I2C.a(CyLib.o)
                              .\CortexM3\ARM_GCC_541\Debug\Cm3Start.o (CyResetStatus)
.\CortexM3\ARM_GCC_541\Debug\OLED_I2C.a(cyPm.o)
                              .\CortexM3\ARM_GCC_541\Debug\OLED_I2C.a(CyLib.o) (CyPmReadStatus)
.\CortexM3\ARM_GCC_541\Debug\OLED_I2C.a(I2C_OLED.o)
                              .\CortexM3\ARM_GCC_541\Debug\main.o (I2C_OLED_Start)
.\CortexM3\ARM_GCC_541\Debug\OLED_I2C.a(I2C_OLED_INT.o)
                              .\CortexM3\ARM_GCC_541\Debug\OLED_I2C.a(I2C_OLED.o) (I2C_OLED_ISR)
.\CortexM3\ARM_GCC_541\Debug\OLED_I2C.a(I2C_OLED_PM.o)
                              .\CortexM3\ARM_GCC_541\Debug\OLED_I2C.a(I2C_OLED.o) (I2C_OLED_backup)
.\CortexM3\ARM_GCC_541\Debug\OLED_I2C.a(I2C_OLED_MASTER.o)
                              .\CortexM3\ARM_GCC_541\Debug\OLED_I2C.a(I2C_OLED.o) (I2C_OLED_mstrStatus)
.\CortexM3\ARM_GCC_541\Debug\OLED_I2C.a(CyBootAsmGnu.o)
                              .\CortexM3\ARM_GCC_541\Debug\cyfitter_cfg.o (CyDelayCycles)
.\CortexM3\ARM_GCC_541\Debug\OLED_I2C.a(CyFlash.o)
                              .\CortexM3\ARM_GCC_541\Debug\OLED_I2C.a(cyPm.o) (CyFlash_SetWaitCycles)
.\CortexM3\ARM_GCC_541\Debug\OLED_I2C.a(CySpc.o)
                              .\CortexM3\ARM_GCC_541\Debug\OLED_I2C.a(CyFlash.o) (CySpcStart)
c:/program files (x86)/cypress/psoc creator/4.2/psoc creator/import/gnu/arm/5.4.1/bin/../lib/gcc/arm-none-eabi/5.4.1/../../../../arm-none-eabi/lib/armv7-m\libg_nano.a(lib_a-errno.o)
                              .\CortexM3\ARM_GCC_541\Debug\Cm3Start.o (__errno)
c:/program files (x86)/cypress/psoc creator/4.2/psoc creator/import/gnu/arm/5.4.1/bin/../lib/gcc/arm-none-eabi/5.4.1/../../../../arm-none-eabi/lib/armv7-m\libg_nano.a(lib_a-exit.o)
                              c:/program files (x86)/cypress/psoc creator/4.2/psoc creator/import/gnu/arm/5.4.1/bin/../lib/gcc/arm-none-eabi/5.4.1/../../../../arm-none-eabi/lib/armv7-m/crt0.o (exit)
c:/program files (x86)/cypress/psoc creator/4.2/psoc creator/import/gnu/arm/5.4.1/bin/../lib/gcc/arm-none-eabi/5.4.1/../../../../arm-none-eabi/lib/armv7-m\libg_nano.a(lib_a-impure.o)
                              c:/program files (x86)/cypress/psoc creator/4.2/psoc creator/import/gnu/arm/5.4.1/bin/../lib/gcc/arm-none-eabi/5.4.1/../../../../arm-none-eabi/lib/armv7-m\libg_nano.a(lib_a-exit.o) (_global_impure_ptr)
c:/program files (x86)/cypress/psoc creator/4.2/psoc creator/import/gnu/arm/5.4.1/bin/../lib/gcc/arm-none-eabi/5.4.1/../../../../arm-none-eabi/lib/armv7-m\libg_nano.a(lib_a-init.o)
                              c:/program files (x86)/cypress/psoc creator/4.2/psoc creator/import/gnu/arm/5.4.1/bin/../lib/gcc/arm-none-eabi/5.4.1/../../../../arm-none-eabi/lib/armv7-m/crt0.o (__libc_init_array)
c:/program files (x86)/cypress/psoc creator/4.2/psoc creator/import/gnu/arm/5.4.1/bin/../lib/gcc/arm-none-eabi/5.4.1/../../../../arm-none-eabi/lib/armv7-m\libg_nano.a(lib_a-memcpy-stub.o)
                              .\CortexM3\ARM_GCC_541\Debug\cyfitter_cfg.o (memcpy)
c:/program files (x86)/cypress/psoc creator/4.2/psoc creator/import/gnu/arm/5.4.1/bin/../lib/gcc/arm-none-eabi/5.4.1/../../../../arm-none-eabi/lib/armv7-m\libg_nano.a(lib_a-memset.o)
                              c:/program files (x86)/cypress/psoc creator/4.2/psoc creator/import/gnu/arm/5.4.1/bin/../lib/gcc/arm-none-eabi/5.4.1/../../../../arm-none-eabi/lib/armv7-m/crt0.o (memset)

Allocating common symbols
Common symbol       size              file

I2C_OLED_mstrRdBufPtr
                    0x4               .\CortexM3\ARM_GCC_541\Debug\OLED_I2C.a(I2C_OLED_MASTER.o)
I2C_OLED_mstrWrBufPtr
                    0x4               .\CortexM3\ARM_GCC_541\Debug\OLED_I2C.a(I2C_OLED_MASTER.o)
I2C_OLED_mstrControl
                    0x1               .\CortexM3\ARM_GCC_541\Debug\OLED_I2C.a(I2C_OLED_MASTER.o)
I2C_OLED_mstrRdBufIndex
                    0x1               .\CortexM3\ARM_GCC_541\Debug\OLED_I2C.a(I2C_OLED_MASTER.o)
I2C_OLED_mstrWrBufIndex
                    0x1               .\CortexM3\ARM_GCC_541\Debug\OLED_I2C.a(I2C_OLED_MASTER.o)
I2C_OLED_mstrRdBufSize
                    0x1               .\CortexM3\ARM_GCC_541\Debug\OLED_I2C.a(I2C_OLED_MASTER.o)
I2C_OLED_state      0x1               .\CortexM3\ARM_GCC_541\Debug\OLED_I2C.a(I2C_OLED.o)
I2C_OLED_mstrStatus
                    0x1               .\CortexM3\ARM_GCC_541\Debug\OLED_I2C.a(I2C_OLED_MASTER.o)
I2C_OLED_mstrWrBufSize
                    0x1               .\CortexM3\ARM_GCC_541\Debug\OLED_I2C.a(I2C_OLED_MASTER.o)
dieTemperature      0x2               .\CortexM3\ARM_GCC_541\Debug\OLED_I2C.a(CyFlash.o)

Discarded input sections

 .text          0x00000000        0x0 c:/program files (x86)/cypress/psoc creator/4.2/psoc creator/import/gnu/arm/5.4.1/bin/../lib/gcc/arm-none-eabi/5.4.1/armv7-m/crti.o
 .data          0x00000000        0x0 c:/program files (x86)/cypress/psoc creator/4.2/psoc creator/import/gnu/arm/5.4.1/bin/../lib/gcc/arm-none-eabi/5.4.1/armv7-m/crti.o
 .bss           0x00000000        0x0 c:/program files (x86)/cypress/psoc creator/4.2/psoc creator/import/gnu/arm/5.4.1/bin/../lib/gcc/arm-none-eabi/5.4.1/armv7-m/crti.o
 .data          0x00000000        0x4 c:/program files (x86)/cypress/psoc creator/4.2/psoc creator/import/gnu/arm/5.4.1/bin/../lib/gcc/arm-none-eabi/5.4.1/armv7-m/crtbegin.o
 .text          0x00000000       0x74 c:/program files (x86)/cypress/psoc creator/4.2/psoc creator/import/gnu/arm/5.4.1/bin/../lib/gcc/arm-none-eabi/5.4.1/../../../../arm-none-eabi/lib/armv7-m/crt0.o
 .data          0x00000000        0x0 c:/program files (x86)/cypress/psoc creator/4.2/psoc creator/import/gnu/arm/5.4.1/bin/../lib/gcc/arm-none-eabi/5.4.1/../../../../arm-none-eabi/lib/armv7-m/crt0.o
 .bss           0x00000000        0x0 c:/program files (x86)/cypress/psoc creator/4.2/psoc creator/import/gnu/arm/5.4.1/bin/../lib/gcc/arm-none-eabi/5.4.1/../../../../arm-none-eabi/lib/armv7-m/crt0.o
 .ARM.extab     0x00000000        0x0 c:/program files (x86)/cypress/psoc creator/4.2/psoc creator/import/gnu/arm/5.4.1/bin/../lib/gcc/arm-none-eabi/5.4.1/../../../../arm-none-eabi/lib/armv7-m/crt0.o
 .ARM.exidx     0x00000000        0x8 c:/program files (x86)/cypress/psoc creator/4.2/psoc creator/import/gnu/arm/5.4.1/bin/../lib/gcc/arm-none-eabi/5.4.1/../../../../arm-none-eabi/lib/armv7-m/crt0.o
 .text          0x00000000        0x0 .\CortexM3\ARM_GCC_541\Debug\main.o
 .data          0x00000000      0x130 .\CortexM3\ARM_GCC_541\Debug\main.o
 .bss           0x00000000        0x0 .\CortexM3\ARM_GCC_541\Debug\main.o
 .text.DemoGraphics
                0x00000000      0x1d0 .\CortexM3\ARM_GCC_541\Debug\main.o
 .text.DemoBitmap
                0x00000000       0x6c .\CortexM3\ARM_GCC_541\Debug\main.o
 .text          0x00000000        0x0 .\CortexM3\ARM_GCC_541\Debug\oled.o
 .data          0x00000000        0x0 .\CortexM3\ARM_GCC_541\Debug\oled.o
 .bss           0x00000000        0x0 .\CortexM3\ARM_GCC_541\Debug\oled.o
 .text.oled_SetColor
                0x00000000       0x28 .\CortexM3\ARM_GCC_541\Debug\oled.o
 .text.oled_GetColor
                0x00000000       0x18 .\CortexM3\ARM_GCC_541\Debug\oled.o
 .text.oled_SetBkColor
                0x00000000       0x28 .\CortexM3\ARM_GCC_541\Debug\oled.o
 .text.oled_GetBkColor
                0x00000000       0x18 .\CortexM3\ARM_GCC_541\Debug\oled.o
 .text.oled_SetPenSize
                0x00000000       0x1c .\CortexM3\ARM_GCC_541\Debug\oled.o
 .text.oled_GetPenSize
                0x00000000       0x18 .\CortexM3\ARM_GCC_541\Debug\oled.o
 .text.oled_SetFont
                0x00000000       0x1c .\CortexM3\ARM_GCC_541\Debug\oled.o
 .text.oled_SetTextMode
                0x00000000       0x28 .\CortexM3\ARM_GCC_541\Debug\oled.o
 .text.oled_GetTextMode
                0x00000000       0x18 .\CortexM3\ARM_GCC_541\Debug\oled.o
 .text.oled_ClearRect
                0x00000000       0x2c .\CortexM3\ARM_GCC_541\Debug\oled.o
 .text.oled_DrawPixel
                0x00000000       0x2c .\CortexM3\ARM_GCC_541\Debug\oled.o
 .text.oled_DrawLine
                0x00000000      0x11c .\CortexM3\ARM_GCC_541\Debug\oled.o
 .text.oled_FillRect
                0x00000000       0x2c .\CortexM3\ARM_GCC_541\Debug\oled.o
 .text.oled_FillRoundedRect
                0x00000000       0xfc .\CortexM3\ARM_GCC_541\Debug\oled.o
 .text.oled_DrawRect
                0x00000000       0x58 .\CortexM3\ARM_GCC_541\Debug\oled.o
 .text.oled_DrawRoundedRect
                0x00000000       0xfc .\CortexM3\ARM_GCC_541\Debug\oled.o
 .text.oled_DrawCircle
                0x00000000       0x3c .\CortexM3\ARM_GCC_541\Debug\oled.o
 .text.oled_DrawArc
                0x00000000       0x80 .\CortexM3\ARM_GCC_541\Debug\oled.o
 .text.oled_FillCircle
                0x00000000       0x2c .\CortexM3\ARM_GCC_541\Debug\oled.o
 .text.oled_DrawPoint
                0x00000000       0x2c .\CortexM3\ARM_GCC_541\Debug\oled.o
 .text.oled_DrawPie
                0x00000000       0x6c .\CortexM3\ARM_GCC_541\Debug\oled.o
 .text.DrawHLine
                0x00000000       0x94 .\CortexM3\ARM_GCC_541\Debug\oled.o
 .text.DrawVLine
                0x00000000       0x94 .\CortexM3\ARM_GCC_541\Debug\oled.o
 .text.BresenhamLineAlgorithm
                0x00000000       0xe4 .\CortexM3\ARM_GCC_541\Debug\oled.o
 .text.PlotPerpLineL
                0x00000000       0xa8 .\CortexM3\ARM_GCC_541\Debug\oled.o
 .text.PlotPerpLineR
                0x00000000       0xb4 .\CortexM3\ARM_GCC_541\Debug\oled.o
 .text.PlotPoint
                0x00000000       0x88 .\CortexM3\ARM_GCC_541\Debug\oled.o
 .text.BresenhamCircleAlgorithm
                0x00000000       0xd4 .\CortexM3\ARM_GCC_541\Debug\oled.o
 .text.PlotCircle
                0x00000000      0x1c4 .\CortexM3\ARM_GCC_541\Debug\oled.o
 .text.Swap     0x00000000       0x28 .\CortexM3\ARM_GCC_541\Debug\oled.o
 .text          0x00000000        0x0 .\CortexM3\ARM_GCC_541\Debug\font.o
 .data          0x00000000        0x0 .\CortexM3\ARM_GCC_541\Debug\font.o
 .bss           0x00000000        0x0 .\CortexM3\ARM_GCC_541\Debug\font.o
 .text          0x00000000        0x0 .\CortexM3\ARM_GCC_541\Debug\cyfitter_cfg.o
 .data          0x00000000        0x0 .\CortexM3\ARM_GCC_541\Debug\cyfitter_cfg.o
 .bss           0x00000000        0x0 .\CortexM3\ARM_GCC_541\Debug\cyfitter_cfg.o
 .text.CYCONFIGCPYCODE
                0x00000000       0x20 .\CortexM3\ARM_GCC_541\Debug\cyfitter_cfg.o
 .text.SetAnalogRoutingPumps
                0x00000000       0x28 .\CortexM3\ARM_GCC_541\Debug\cyfitter_cfg.o
 .text          0x00000000        0x0 .\CortexM3\ARM_GCC_541\Debug\cymetadata.o
 .data          0x00000000        0x0 .\CortexM3\ARM_GCC_541\Debug\cymetadata.o
 .bss           0x00000000        0x0 .\CortexM3\ARM_GCC_541\Debug\cymetadata.o
 .text          0x00000000        0x0 .\CortexM3\ARM_GCC_541\Debug\Cm3Start.o
 .data          0x00000000        0x4 .\CortexM3\ARM_GCC_541\Debug\Cm3Start.o
 .bss           0x00000000        0x0 .\CortexM3\ARM_GCC_541\Debug\Cm3Start.o
 .text._exit    0x00000000       0x14 .\CortexM3\ARM_GCC_541\Debug\Cm3Start.o
 .text._sbrk    0x00000000       0x50 .\CortexM3\ARM_GCC_541\Debug\Cm3Start.o
 .text          0x00000000        0x0 .\CortexM3\ARM_GCC_541\Debug\OLED_I2C.a(CyLib.o)
 .bss           0x00000000       0x19 .\CortexM3\ARM_GCC_541\Debug\OLED_I2C.a(CyLib.o)
 .text.CyPLL_OUT_Start
                0x00000000       0xb0 .\CortexM3\ARM_GCC_541\Debug\OLED_I2C.a(CyLib.o)
 .text.CyPLL_OUT_Stop
                0x00000000       0x20 .\CortexM3\ARM_GCC_541\Debug\OLED_I2C.a(CyLib.o)
 .text.CyPLL_OUT_SetPQ
                0x00000000       0x94 .\CortexM3\ARM_GCC_541\Debug\OLED_I2C.a(CyLib.o)
 .text.CyPLL_OUT_SetSource
                0x00000000       0x58 .\CortexM3\ARM_GCC_541\Debug\OLED_I2C.a(CyLib.o)
 .text.CyIMO_Start
                0x00000000       0x94 .\CortexM3\ARM_GCC_541\Debug\OLED_I2C.a(CyLib.o)
 .text.CyIMO_Stop
                0x00000000       0x34 .\CortexM3\ARM_GCC_541\Debug\OLED_I2C.a(CyLib.o)
 .text.CyUSB_PowerOnCheck
                0x00000000       0x60 .\CortexM3\ARM_GCC_541\Debug\OLED_I2C.a(CyLib.o)
 .text.CyIMO_SetTrimValue
                0x00000000      0x108 .\CortexM3\ARM_GCC_541\Debug\OLED_I2C.a(CyLib.o)
 .text.CyIMO_SetFreq
                0x00000000      0x1b0 .\CortexM3\ARM_GCC_541\Debug\OLED_I2C.a(CyLib.o)
 .text.CyIMO_SetSource
                0x00000000       0x8c .\CortexM3\ARM_GCC_541\Debug\OLED_I2C.a(CyLib.o)
 .text.CyIMO_EnableDoubler
                0x00000000       0x20 .\CortexM3\ARM_GCC_541\Debug\OLED_I2C.a(CyLib.o)
 .text.CyIMO_DisableDoubler
                0x00000000       0x20 .\CortexM3\ARM_GCC_541\Debug\OLED_I2C.a(CyLib.o)
 .text.CyMasterClk_SetSource
                0x00000000       0x34 .\CortexM3\ARM_GCC_541\Debug\OLED_I2C.a(CyLib.o)
 .text.CyMasterClk_SetDivider
                0x00000000       0x20 .\CortexM3\ARM_GCC_541\Debug\OLED_I2C.a(CyLib.o)
 .text.CyBusClk_Internal_SetDivider
                0x00000000       0x78 .\CortexM3\ARM_GCC_541\Debug\OLED_I2C.a(CyLib.o)
 .text.CyBusClk_SetDivider
                0x00000000       0xb4 .\CortexM3\ARM_GCC_541\Debug\OLED_I2C.a(CyLib.o)
 .text.CyUsbClk_SetSource
                0x00000000       0x34 .\CortexM3\ARM_GCC_541\Debug\OLED_I2C.a(CyLib.o)
 .text.CyILO_Start1K
                0x00000000       0x20 .\CortexM3\ARM_GCC_541\Debug\OLED_I2C.a(CyLib.o)
 .text.CyILO_Stop1K
                0x00000000       0x20 .\CortexM3\ARM_GCC_541\Debug\OLED_I2C.a(CyLib.o)
 .text.CyILO_Start100K
                0x00000000       0x20 .\CortexM3\ARM_GCC_541\Debug\OLED_I2C.a(CyLib.o)
 .text.CyILO_Stop100K
                0x00000000       0x20 .\CortexM3\ARM_GCC_541\Debug\OLED_I2C.a(CyLib.o)
 .text.CyILO_Enable33K
                0x00000000       0x20 .\CortexM3\ARM_GCC_541\Debug\OLED_I2C.a(CyLib.o)
 .text.CyILO_Disable33K
                0x00000000       0x20 .\CortexM3\ARM_GCC_541\Debug\OLED_I2C.a(CyLib.o)
 .text.CyILO_SetSource
                0x00000000       0x38 .\CortexM3\ARM_GCC_541\Debug\OLED_I2C.a(CyLib.o)
 .text.CyILO_SetPowerMode
                0x00000000       0x4c .\CortexM3\ARM_GCC_541\Debug\OLED_I2C.a(CyLib.o)
 .text.CyXTAL_32KHZ_Start
                0x00000000       0x88 .\CortexM3\ARM_GCC_541\Debug\OLED_I2C.a(CyLib.o)
 .text.CyXTAL_32KHZ_Stop
                0x00000000       0x50 .\CortexM3\ARM_GCC_541\Debug\OLED_I2C.a(CyLib.o)
 .text.CyXTAL_32KHZ_ReadStatus
                0x00000000       0x1c .\CortexM3\ARM_GCC_541\Debug\OLED_I2C.a(CyLib.o)
 .text.CyXTAL_32KHZ_SetPowerMode
                0x00000000       0xb4 .\CortexM3\ARM_GCC_541\Debug\OLED_I2C.a(CyLib.o)
 .text.CyXTAL_Start
                0x00000000       0xd0 .\CortexM3\ARM_GCC_541\Debug\OLED_I2C.a(CyLib.o)
 .text.CyXTAL_Stop
                0x00000000       0x20 .\CortexM3\ARM_GCC_541\Debug\OLED_I2C.a(CyLib.o)
 .text.CyXTAL_EnableErrStatus
                0x00000000       0x20 .\CortexM3\ARM_GCC_541\Debug\OLED_I2C.a(CyLib.o)
 .text.CyXTAL_DisableErrStatus
                0x00000000       0x20 .\CortexM3\ARM_GCC_541\Debug\OLED_I2C.a(CyLib.o)
 .text.CyXTAL_ReadStatus
                0x00000000       0x24 .\CortexM3\ARM_GCC_541\Debug\OLED_I2C.a(CyLib.o)
 .text.CyXTAL_EnableFaultRecovery
                0x00000000       0x20 .\CortexM3\ARM_GCC_541\Debug\OLED_I2C.a(CyLib.o)
 .text.CyXTAL_DisableFaultRecovery
                0x00000000       0x20 .\CortexM3\ARM_GCC_541\Debug\OLED_I2C.a(CyLib.o)
 .text.CyXTAL_SetStartup
                0x00000000       0x34 .\CortexM3\ARM_GCC_541\Debug\OLED_I2C.a(CyLib.o)
 .text.CyXTAL_SetFbVoltage
                0x00000000       0x34 .\CortexM3\ARM_GCC_541\Debug\OLED_I2C.a(CyLib.o)
 .text.CyXTAL_SetWdVoltage
                0x00000000       0x38 .\CortexM3\ARM_GCC_541\Debug\OLED_I2C.a(CyLib.o)
 .text.CySoftwareReset
                0x00000000       0x20 .\CortexM3\ARM_GCC_541\Debug\OLED_I2C.a(CyLib.o)
 .text.CyDelayUs
                0x00000000       0x28 .\CortexM3\ARM_GCC_541\Debug\OLED_I2C.a(CyLib.o)
 .text.CyDelayFreq
                0x00000000       0x7c .\CortexM3\ARM_GCC_541\Debug\OLED_I2C.a(CyLib.o)
 .text.CyWdtStart
                0x00000000       0x8c .\CortexM3\ARM_GCC_541\Debug\OLED_I2C.a(CyLib.o)
 .text.CyWdtClear
                0x00000000       0x18 .\CortexM3\ARM_GCC_541\Debug\OLED_I2C.a(CyLib.o)
 .text.CyVdLvDigitEnable
                0x00000000       0xcc .\CortexM3\ARM_GCC_541\Debug\OLED_I2C.a(CyLib.o)
 .text.CyVdLvAnalogEnable
                0x00000000       0xcc .\CortexM3\ARM_GCC_541\Debug\OLED_I2C.a(CyLib.o)
 .text.CyVdLvDigitDisable
                0x00000000       0x48 .\CortexM3\ARM_GCC_541\Debug\OLED_I2C.a(CyLib.o)
 .text.CyVdLvAnalogDisable
                0x00000000       0x44 .\CortexM3\ARM_GCC_541\Debug\OLED_I2C.a(CyLib.o)
 .text.CyVdHvAnalogEnable
                0x00000000       0x7c .\CortexM3\ARM_GCC_541\Debug\OLED_I2C.a(CyLib.o)
 .text.CyVdHvAnalogDisable
                0x00000000       0x30 .\CortexM3\ARM_GCC_541\Debug\OLED_I2C.a(CyLib.o)
 .text.CyVdStickyStatus
                0x00000000       0x5c .\CortexM3\ARM_GCC_541\Debug\OLED_I2C.a(CyLib.o)
 .text.CyVdRealTimeStatus
                0x00000000       0x30 .\CortexM3\ARM_GCC_541\Debug\OLED_I2C.a(CyLib.o)
 .text.CyDisableInts
                0x00000000       0x34 .\CortexM3\ARM_GCC_541\Debug\OLED_I2C.a(CyLib.o)
 .text.CyEnableInts
                0x00000000       0x2c .\CortexM3\ARM_GCC_541\Debug\OLED_I2C.a(CyLib.o)
 .text.CyFlushCache
                0x00000000       0x5c .\CortexM3\ARM_GCC_541\Debug\OLED_I2C.a(CyLib.o)
 .text.CyIntSetSysVector
                0x00000000       0x4c .\CortexM3\ARM_GCC_541\Debug\OLED_I2C.a(CyLib.o)
 .text.CyIntGetSysVector
                0x00000000       0x38 .\CortexM3\ARM_GCC_541\Debug\OLED_I2C.a(CyLib.o)
 .text.CyIntGetVector
                0x00000000       0x38 .\CortexM3\ARM_GCC_541\Debug\OLED_I2C.a(CyLib.o)
 .text.CyIntGetPriority
                0x00000000       0x38 .\CortexM3\ARM_GCC_541\Debug\OLED_I2C.a(CyLib.o)
 .text.CyIntGetState
                0x00000000       0x44 .\CortexM3\ARM_GCC_541\Debug\OLED_I2C.a(CyLib.o)
 .text.CySysTickStart
                0x00000000       0x24 .\CortexM3\ARM_GCC_541\Debug\OLED_I2C.a(CyLib.o)
 .text.CySysTickInit
                0x00000000       0x6c .\CortexM3\ARM_GCC_541\Debug\OLED_I2C.a(CyLib.o)
 .text.CySysTickEnable
                0x00000000       0x1c .\CortexM3\ARM_GCC_541\Debug\OLED_I2C.a(CyLib.o)
 .text.CySysTickStop
                0x00000000       0x1c .\CortexM3\ARM_GCC_541\Debug\OLED_I2C.a(CyLib.o)
 .text.CySysTickEnableInterrupt
                0x00000000       0x1c .\CortexM3\ARM_GCC_541\Debug\OLED_I2C.a(CyLib.o)
 .text.CySysTickDisableInterrupt
                0x00000000       0x1c .\CortexM3\ARM_GCC_541\Debug\OLED_I2C.a(CyLib.o)
 .text.CySysTickSetReload
                0x00000000       0x20 .\CortexM3\ARM_GCC_541\Debug\OLED_I2C.a(CyLib.o)
 .text.CySysTickGetReload
                0x00000000       0x18 .\CortexM3\ARM_GCC_541\Debug\OLED_I2C.a(CyLib.o)
 .text.CySysTickGetValue
                0x00000000       0x18 .\CortexM3\ARM_GCC_541\Debug\OLED_I2C.a(CyLib.o)
 .text.CySysTickSetClockSource
                0x00000000       0x38 .\CortexM3\ARM_GCC_541\Debug\OLED_I2C.a(CyLib.o)
 .text.CySysTickGetClockSource
                0x00000000       0x1c .\CortexM3\ARM_GCC_541\Debug\OLED_I2C.a(CyLib.o)
 .text.CySysTickGetCountFlag
                0x00000000       0x1c .\CortexM3\ARM_GCC_541\Debug\OLED_I2C.a(CyLib.o)
 .text.CySysTickClear
                0x00000000       0x18 .\CortexM3\ARM_GCC_541\Debug\OLED_I2C.a(CyLib.o)
 .text.CySysTickSetCallback
                0x00000000       0x30 .\CortexM3\ARM_GCC_541\Debug\OLED_I2C.a(CyLib.o)
 .text.CySysTickGetCallback
                0x00000000       0x20 .\CortexM3\ARM_GCC_541\Debug\OLED_I2C.a(CyLib.o)
 .text.CySysTickServiceCallbacks
                0x00000000       0x44 .\CortexM3\ARM_GCC_541\Debug\OLED_I2C.a(CyLib.o)
 .text.CyGetUniqueId
                0x00000000       0xc4 .\CortexM3\ARM_GCC_541\Debug\OLED_I2C.a(CyLib.o)
 .text          0x00000000        0x0 .\CortexM3\ARM_GCC_541\Debug\OLED_I2C.a(cyPm.o)
 .data          0x00000000        0x0 .\CortexM3\ARM_GCC_541\Debug\OLED_I2C.a(cyPm.o)
 .bss           0x00000000       0x43 .\CortexM3\ARM_GCC_541\Debug\OLED_I2C.a(cyPm.o)
 .rodata        0x00000000        0xf .\CortexM3\ARM_GCC_541\Debug\OLED_I2C.a(cyPm.o)
 .text.CyPmSaveClocks
                0x00000000      0x288 .\CortexM3\ARM_GCC_541\Debug\OLED_I2C.a(cyPm.o)
 .text.CyPmRestoreClocks
                0x00000000      0x2f0 .\CortexM3\ARM_GCC_541\Debug\OLED_I2C.a(cyPm.o)
 .text.CyPmAltAct
                0x00000000       0xbc .\CortexM3\ARM_GCC_541\Debug\OLED_I2C.a(cyPm.o)
 .text.CyPmSleep
                0x00000000      0x170 .\CortexM3\ARM_GCC_541\Debug\OLED_I2C.a(cyPm.o)
 .text.CyPmHibernate
                0x00000000       0x10 .\CortexM3\ARM_GCC_541\Debug\OLED_I2C.a(cyPm.o)
 .text.CyPmHibernateEx
                0x00000000      0x158 .\CortexM3\ARM_GCC_541\Debug\OLED_I2C.a(cyPm.o)
 .text.CyPmReadStatus
                0x00000000       0x5c .\CortexM3\ARM_GCC_541\Debug\OLED_I2C.a(cyPm.o)
 .text.CyPmHibSaveSet
                0x00000000       0xe8 .\CortexM3\ARM_GCC_541\Debug\OLED_I2C.a(cyPm.o)
 .text.CyPmHibRestore
                0x00000000       0x78 .\CortexM3\ARM_GCC_541\Debug\OLED_I2C.a(cyPm.o)
 .text.CyPmCtwSetInterval
                0x00000000       0x94 .\CortexM3\ARM_GCC_541\Debug\OLED_I2C.a(cyPm.o)
 .text.CyPmOppsSet
                0x00000000       0x44 .\CortexM3\ARM_GCC_541\Debug\OLED_I2C.a(cyPm.o)
 .text.CyPmFtwSetInterval
                0x00000000       0x94 .\CortexM3\ARM_GCC_541\Debug\OLED_I2C.a(cyPm.o)
 .text.CyPmHibSlpSaveSet
                0x00000000      0x280 .\CortexM3\ARM_GCC_541\Debug\OLED_I2C.a(cyPm.o)
 .text.CyPmHibSlpRestore
                0x00000000      0x18c .\CortexM3\ARM_GCC_541\Debug\OLED_I2C.a(cyPm.o)
 .text.CyPmHviLviSaveDisable
                0x00000000       0xd8 .\CortexM3\ARM_GCC_541\Debug\OLED_I2C.a(cyPm.o)
 .text.CyPmHviLviRestore
                0x00000000       0x58 .\CortexM3\ARM_GCC_541\Debug\OLED_I2C.a(cyPm.o)
 .text          0x00000000        0x0 .\CortexM3\ARM_GCC_541\Debug\OLED_I2C.a(I2C_OLED.o)
 .data          0x00000000        0x0 .\CortexM3\ARM_GCC_541\Debug\OLED_I2C.a(I2C_OLED.o)
 .text.I2C_OLED_Stop
                0x00000000      0x110 .\CortexM3\ARM_GCC_541\Debug\OLED_I2C.a(I2C_OLED.o)
 .text          0x00000000        0x0 .\CortexM3\ARM_GCC_541\Debug\OLED_I2C.a(I2C_OLED_INT.o)
 .data          0x00000000        0x0 .\CortexM3\ARM_GCC_541\Debug\OLED_I2C.a(I2C_OLED_INT.o)
 .bss           0x00000000        0x0 .\CortexM3\ARM_GCC_541\Debug\OLED_I2C.a(I2C_OLED_INT.o)
 .text          0x00000000        0x0 .\CortexM3\ARM_GCC_541\Debug\OLED_I2C.a(I2C_OLED_PM.o)
 .data          0x00000000        0x6 .\CortexM3\ARM_GCC_541\Debug\OLED_I2C.a(I2C_OLED_PM.o)
 .bss           0x00000000        0x0 .\CortexM3\ARM_GCC_541\Debug\OLED_I2C.a(I2C_OLED_PM.o)
 .text.I2C_OLED_SaveConfig
                0x00000000       0x58 .\CortexM3\ARM_GCC_541\Debug\OLED_I2C.a(I2C_OLED_PM.o)
 .text.I2C_OLED_Sleep
                0x00000000       0x3c .\CortexM3\ARM_GCC_541\Debug\OLED_I2C.a(I2C_OLED_PM.o)
 .text.I2C_OLED_RestoreConfig
                0x00000000       0x8c .\CortexM3\ARM_GCC_541\Debug\OLED_I2C.a(I2C_OLED_PM.o)
 .text.I2C_OLED_Wakeup
                0x00000000       0x28 .\CortexM3\ARM_GCC_541\Debug\OLED_I2C.a(I2C_OLED_PM.o)
 .text          0x00000000        0x0 .\CortexM3\ARM_GCC_541\Debug\OLED_I2C.a(I2C_OLED_MASTER.o)
 .data          0x00000000        0x0 .\CortexM3\ARM_GCC_541\Debug\OLED_I2C.a(I2C_OLED_MASTER.o)
 .bss           0x00000000        0x0 .\CortexM3\ARM_GCC_541\Debug\OLED_I2C.a(I2C_OLED_MASTER.o)
 .text.I2C_OLED_MasterWriteBuf
                0x00000000      0x108 .\CortexM3\ARM_GCC_541\Debug\OLED_I2C.a(I2C_OLED_MASTER.o)
 .text.I2C_OLED_MasterReadBuf
                0x00000000      0x110 .\CortexM3\ARM_GCC_541\Debug\OLED_I2C.a(I2C_OLED_MASTER.o)
 .text.I2C_OLED_MasterSendRestart
                0x00000000       0xa4 .\CortexM3\ARM_GCC_541\Debug\OLED_I2C.a(I2C_OLED_MASTER.o)
 .text.I2C_OLED_MasterReadByte
                0x00000000       0x78 .\CortexM3\ARM_GCC_541\Debug\OLED_I2C.a(I2C_OLED_MASTER.o)
 .text.I2C_OLED_MasterStatus
                0x00000000       0x50 .\CortexM3\ARM_GCC_541\Debug\OLED_I2C.a(I2C_OLED_MASTER.o)
 .text.I2C_OLED_MasterClearStatus
                0x00000000       0x3c .\CortexM3\ARM_GCC_541\Debug\OLED_I2C.a(I2C_OLED_MASTER.o)
 .text.I2C_OLED_MasterGetReadBufSize
                0x00000000       0x18 .\CortexM3\ARM_GCC_541\Debug\OLED_I2C.a(I2C_OLED_MASTER.o)
 .text.I2C_OLED_MasterGetWriteBufSize
                0x00000000       0x18 .\CortexM3\ARM_GCC_541\Debug\OLED_I2C.a(I2C_OLED_MASTER.o)
 .text.I2C_OLED_MasterClearReadBuf
                0x00000000       0x44 .\CortexM3\ARM_GCC_541\Debug\OLED_I2C.a(I2C_OLED_MASTER.o)
 .text.I2C_OLED_MasterClearWriteBuf
                0x00000000       0x44 .\CortexM3\ARM_GCC_541\Debug\OLED_I2C.a(I2C_OLED_MASTER.o)
 .data          0x00000000        0x0 .\CortexM3\ARM_GCC_541\Debug\OLED_I2C.a(CyBootAsmGnu.o)
 .bss           0x00000000        0x0 .\CortexM3\ARM_GCC_541\Debug\OLED_I2C.a(CyBootAsmGnu.o)
 .text          0x00000000        0x0 .\CortexM3\ARM_GCC_541\Debug\OLED_I2C.a(CyFlash.o)
 .data          0x00000000        0x0 .\CortexM3\ARM_GCC_541\Debug\OLED_I2C.a(CyFlash.o)
 .bss           0x00000000        0x4 .\CortexM3\ARM_GCC_541\Debug\OLED_I2C.a(CyFlash.o)
 .text.CyFlash_Start
                0x00000000       0x8c .\CortexM3\ARM_GCC_541\Debug\OLED_I2C.a(CyFlash.o)
 .text.CyFlash_Stop
                0x00000000       0x48 .\CortexM3\ARM_GCC_541\Debug\OLED_I2C.a(CyFlash.o)
 .text.CyFlash_EraseRow
                0x00000000       0xb0 .\CortexM3\ARM_GCC_541\Debug\OLED_I2C.a(CyFlash.o)
 .text.CySetTempInt
                0x00000000       0x7c .\CortexM3\ARM_GCC_541\Debug\OLED_I2C.a(CyFlash.o)
 .text.CyFlashGetSpcAlgorithm
                0x00000000       0x70 .\CortexM3\ARM_GCC_541\Debug\OLED_I2C.a(CyFlash.o)
 .text.CySetTemp
                0x00000000       0x24 .\CortexM3\ARM_GCC_541\Debug\OLED_I2C.a(CyFlash.o)
 .text.CySetFlashEEBuffer
                0x00000000       0x54 .\CortexM3\ARM_GCC_541\Debug\OLED_I2C.a(CyFlash.o)
 .text.CyWriteRowData
                0x00000000       0x38 .\CortexM3\ARM_GCC_541\Debug\OLED_I2C.a(CyFlash.o)
 .text.CyWriteRowFull
                0x00000000      0x154 .\CortexM3\ARM_GCC_541\Debug\OLED_I2C.a(CyFlash.o)
 .text.CyFlash_SetWaitCycles
                0x00000000       0xbc .\CortexM3\ARM_GCC_541\Debug\OLED_I2C.a(CyFlash.o)
 .text.CyEEPROM_Start
                0x00000000       0x8c .\CortexM3\ARM_GCC_541\Debug\OLED_I2C.a(CyFlash.o)
 .text.CyEEPROM_Stop
                0x00000000       0x48 .\CortexM3\ARM_GCC_541\Debug\OLED_I2C.a(CyFlash.o)
 .text.CyEEPROM_ReadReserve
                0x00000000       0x30 .\CortexM3\ARM_GCC_541\Debug\OLED_I2C.a(CyFlash.o)
 .text.CyEEPROM_ReadRelease
                0x00000000       0x20 .\CortexM3\ARM_GCC_541\Debug\OLED_I2C.a(CyFlash.o)
 COMMON         0x00000000        0x2 .\CortexM3\ARM_GCC_541\Debug\OLED_I2C.a(CyFlash.o)
 .text          0x00000000        0x0 .\CortexM3\ARM_GCC_541\Debug\OLED_I2C.a(CySpc.o)
 .data          0x00000000        0x0 .\CortexM3\ARM_GCC_541\Debug\OLED_I2C.a(CySpc.o)
 .bss           0x00000000        0x8 .\CortexM3\ARM_GCC_541\Debug\OLED_I2C.a(CySpc.o)
 .text.CySpcStart
                0x00000000       0x48 .\CortexM3\ARM_GCC_541\Debug\OLED_I2C.a(CySpc.o)
 .text.CySpcStop
                0x00000000       0x48 .\CortexM3\ARM_GCC_541\Debug\OLED_I2C.a(CySpc.o)
 .text.CySpcReadData
                0x00000000       0x54 .\CortexM3\ARM_GCC_541\Debug\OLED_I2C.a(CySpc.o)
 .text.CySpcLoadMultiByte
                0x00000000       0xd0 .\CortexM3\ARM_GCC_541\Debug\OLED_I2C.a(CySpc.o)
 .text.CySpcLoadRow
                0x00000000       0x88 .\CortexM3\ARM_GCC_541\Debug\OLED_I2C.a(CySpc.o)
 .text.CySpcLoadRowFull
                0x00000000       0xcc .\CortexM3\ARM_GCC_541\Debug\OLED_I2C.a(CySpc.o)
 .text.CySpcWriteRow
                0x00000000       0x98 .\CortexM3\ARM_GCC_541\Debug\OLED_I2C.a(CySpc.o)
 .text.CySpcEraseSector
                0x00000000       0x70 .\CortexM3\ARM_GCC_541\Debug\OLED_I2C.a(CySpc.o)
 .text.CySpcEraseRow
                0x00000000       0x98 .\CortexM3\ARM_GCC_541\Debug\OLED_I2C.a(CySpc.o)
 .text.CySpcGetTemp
                0x00000000       0x64 .\CortexM3\ARM_GCC_541\Debug\OLED_I2C.a(CySpc.o)
 .text.CySpcLock
                0x00000000       0x68 .\CortexM3\ARM_GCC_541\Debug\OLED_I2C.a(CySpc.o)
 .text.CySpcUnlock
                0x00000000       0x50 .\CortexM3\ARM_GCC_541\Debug\OLED_I2C.a(CySpc.o)
 .text.CySpcGetAlgorithm
                0x00000000       0x44 .\CortexM3\ARM_GCC_541\Debug\OLED_I2C.a(CySpc.o)
 .text          0x00000000        0x0 c:/program files (x86)/cypress/psoc creator/4.2/psoc creator/import/gnu/arm/5.4.1/bin/../lib/gcc/arm-none-eabi/5.4.1/../../../../arm-none-eabi/lib/armv7-m\libg_nano.a(lib_a-errno.o)
 .data          0x00000000        0x0 c:/program files (x86)/cypress/psoc creator/4.2/psoc creator/import/gnu/arm/5.4.1/bin/../lib/gcc/arm-none-eabi/5.4.1/../../../../arm-none-eabi/lib/armv7-m\libg_nano.a(lib_a-errno.o)
 .bss           0x00000000        0x0 c:/program files (x86)/cypress/psoc creator/4.2/psoc creator/import/gnu/arm/5.4.1/bin/../lib/gcc/arm-none-eabi/5.4.1/../../../../arm-none-eabi/lib/armv7-m\libg_nano.a(lib_a-errno.o)
 .text          0x00000000        0x0 c:/program files (x86)/cypress/psoc creator/4.2/psoc creator/import/gnu/arm/5.4.1/bin/../lib/gcc/arm-none-eabi/5.4.1/../../../../arm-none-eabi/lib/armv7-m\libg_nano.a(lib_a-exit.o)
 .data          0x00000000        0x0 c:/program files (x86)/cypress/psoc creator/4.2/psoc creator/import/gnu/arm/5.4.1/bin/../lib/gcc/arm-none-eabi/5.4.1/../../../../arm-none-eabi/lib/armv7-m\libg_nano.a(lib_a-exit.o)
 .bss           0x00000000        0x0 c:/program files (x86)/cypress/psoc creator/4.2/psoc creator/import/gnu/arm/5.4.1/bin/../lib/gcc/arm-none-eabi/5.4.1/../../../../arm-none-eabi/lib/armv7-m\libg_nano.a(lib_a-exit.o)
 .text.exit     0x00000000       0x28 c:/program files (x86)/cypress/psoc creator/4.2/psoc creator/import/gnu/arm/5.4.1/bin/../lib/gcc/arm-none-eabi/5.4.1/../../../../arm-none-eabi/lib/armv7-m\libg_nano.a(lib_a-exit.o)
 .text          0x00000000        0x0 c:/program files (x86)/cypress/psoc creator/4.2/psoc creator/import/gnu/arm/5.4.1/bin/../lib/gcc/arm-none-eabi/5.4.1/../../../../arm-none-eabi/lib/armv7-m\libg_nano.a(lib_a-impure.o)
 .data          0x00000000        0x0 c:/program files (x86)/cypress/psoc creator/4.2/psoc creator/import/gnu/arm/5.4.1/bin/../lib/gcc/arm-none-eabi/5.4.1/../../../../arm-none-eabi/lib/armv7-m\libg_nano.a(lib_a-impure.o)
 .bss           0x00000000        0x0 c:/program files (x86)/cypress/psoc creator/4.2/psoc creator/import/gnu/arm/5.4.1/bin/../lib/gcc/arm-none-eabi/5.4.1/../../../../arm-none-eabi/lib/armv7-m\libg_nano.a(lib_a-impure.o)
 .rodata._global_impure_ptr
                0x00000000        0x4 c:/program files (x86)/cypress/psoc creator/4.2/psoc creator/import/gnu/arm/5.4.1/bin/../lib/gcc/arm-none-eabi/5.4.1/../../../../arm-none-eabi/lib/armv7-m\libg_nano.a(lib_a-impure.o)
 .text          0x00000000        0x0 c:/program files (x86)/cypress/psoc creator/4.2/psoc creator/import/gnu/arm/5.4.1/bin/../lib/gcc/arm-none-eabi/5.4.1/../../../../arm-none-eabi/lib/armv7-m\libg_nano.a(lib_a-init.o)
 .data          0x00000000        0x0 c:/program files (x86)/cypress/psoc creator/4.2/psoc creator/import/gnu/arm/5.4.1/bin/../lib/gcc/arm-none-eabi/5.4.1/../../../../arm-none-eabi/lib/armv7-m\libg_nano.a(lib_a-init.o)
 .bss           0x00000000        0x0 c:/program files (x86)/cypress/psoc creator/4.2/psoc creator/import/gnu/arm/5.4.1/bin/../lib/gcc/arm-none-eabi/5.4.1/../../../../arm-none-eabi/lib/armv7-m\libg_nano.a(lib_a-init.o)
 .text          0x00000000        0x0 c:/program files (x86)/cypress/psoc creator/4.2/psoc creator/import/gnu/arm/5.4.1/bin/../lib/gcc/arm-none-eabi/5.4.1/../../../../arm-none-eabi/lib/armv7-m\libg_nano.a(lib_a-memcpy-stub.o)
 .data          0x00000000        0x0 c:/program files (x86)/cypress/psoc creator/4.2/psoc creator/import/gnu/arm/5.4.1/bin/../lib/gcc/arm-none-eabi/5.4.1/../../../../arm-none-eabi/lib/armv7-m\libg_nano.a(lib_a-memcpy-stub.o)
 .bss           0x00000000        0x0 c:/program files (x86)/cypress/psoc creator/4.2/psoc creator/import/gnu/arm/5.4.1/bin/../lib/gcc/arm-none-eabi/5.4.1/../../../../arm-none-eabi/lib/armv7-m\libg_nano.a(lib_a-memcpy-stub.o)
 .text          0x00000000        0x0 c:/program files (x86)/cypress/psoc creator/4.2/psoc creator/import/gnu/arm/5.4.1/bin/../lib/gcc/arm-none-eabi/5.4.1/../../../../arm-none-eabi/lib/armv7-m\libg_nano.a(lib_a-memset.o)
 .data          0x00000000        0x0 c:/program files (x86)/cypress/psoc creator/4.2/psoc creator/import/gnu/arm/5.4.1/bin/../lib/gcc/arm-none-eabi/5.4.1/../../../../arm-none-eabi/lib/armv7-m\libg_nano.a(lib_a-memset.o)
 .bss           0x00000000        0x0 c:/program files (x86)/cypress/psoc creator/4.2/psoc creator/import/gnu/arm/5.4.1/bin/../lib/gcc/arm-none-eabi/5.4.1/../../../../arm-none-eabi/lib/armv7-m\libg_nano.a(lib_a-memset.o)
 .text          0x00000000        0x0 c:/program files (x86)/cypress/psoc creator/4.2/psoc creator/import/gnu/arm/5.4.1/bin/../lib/gcc/arm-none-eabi/5.4.1/armv7-m/crtend.o
 .data          0x00000000        0x0 c:/program files (x86)/cypress/psoc creator/4.2/psoc creator/import/gnu/arm/5.4.1/bin/../lib/gcc/arm-none-eabi/5.4.1/armv7-m/crtend.o
 .bss           0x00000000        0x0 c:/program files (x86)/cypress/psoc creator/4.2/psoc creator/import/gnu/arm/5.4.1/bin/../lib/gcc/arm-none-eabi/5.4.1/armv7-m/crtend.o
 .text          0x00000000        0x0 c:/program files (x86)/cypress/psoc creator/4.2/psoc creator/import/gnu/arm/5.4.1/bin/../lib/gcc/arm-none-eabi/5.4.1/armv7-m/crtn.o
 .data          0x00000000        0x0 c:/program files (x86)/cypress/psoc creator/4.2/psoc creator/import/gnu/arm/5.4.1/bin/../lib/gcc/arm-none-eabi/5.4.1/armv7-m/crtn.o
 .bss           0x00000000        0x0 c:/program files (x86)/cypress/psoc creator/4.2/psoc creator/import/gnu/arm/5.4.1/bin/../lib/gcc/arm-none-eabi/5.4.1/armv7-m/crtn.o

Memory Configuration

Name             Origin             Length             Attributes
rom              0x00000000         0x00040000         xr
ram              0x1fff8000         0x00010000         xrw
*default*        0x00000000         0xffffffff

Linker script and memory map

LOAD c:/program files (x86)/cypress/psoc creator/4.2/psoc creator/import/gnu/arm/5.4.1/bin/../lib/gcc/arm-none-eabi/5.4.1/armv7-m/crti.o
LOAD c:/program files (x86)/cypress/psoc creator/4.2/psoc creator/import/gnu/arm/5.4.1/bin/../lib/gcc/arm-none-eabi/5.4.1/armv7-m/crtbegin.o
LOAD c:/program files (x86)/cypress/psoc creator/4.2/psoc creator/import/gnu/arm/5.4.1/bin/../lib/gcc/arm-none-eabi/5.4.1/../../../../arm-none-eabi/lib/armv7-m/crt0.o
START GROUP
LOAD .\CortexM3\ARM_GCC_541\Debug\main.o
LOAD .\CortexM3\ARM_GCC_541\Debug\oled.o
LOAD .\CortexM3\ARM_GCC_541\Debug\font.o
LOAD .\CortexM3\ARM_GCC_541\Debug\cyfitter_cfg.o
LOAD .\CortexM3\ARM_GCC_541\Debug\cymetadata.o
LOAD .\CortexM3\ARM_GCC_541\Debug\Cm3Start.o
LOAD .\CortexM3\ARM_GCC_541\Debug\OLED_I2C.a
LOAD C:\Program Files (x86)\Cypress\PSoC Creator\4.2\PSoC Creator\psoc\content\cycomponentlibrary\CyComponentLibrary.cylib\CortexM3\ARM_GCC_541\Debug\CyComponentLibrary.a
LOAD c:/program files (x86)/cypress/psoc creator/4.2/psoc creator/import/gnu/arm/5.4.1/bin/../lib/gcc/arm-none-eabi/5.4.1/../../../../arm-none-eabi/lib/armv7-m\libm.a
END GROUP
START GROUP
LOAD c:/program files (x86)/cypress/psoc creator/4.2/psoc creator/import/gnu/arm/5.4.1/bin/../lib/gcc/arm-none-eabi/5.4.1/armv7-m\libgcc.a
LOAD c:/program files (x86)/cypress/psoc creator/4.2/psoc creator/import/gnu/arm/5.4.1/bin/../lib/gcc/arm-none-eabi/5.4.1/../../../../arm-none-eabi/lib/armv7-m\libg_nano.a
LOAD c:/program files (x86)/cypress/psoc creator/4.2/psoc creator/import/gnu/arm/5.4.1/bin/../lib/gcc/arm-none-eabi/5.4.1/../../../../arm-none-eabi/lib/armv7-m\libc_nano.a
END GROUP
START GROUP
LOAD c:/program files (x86)/cypress/psoc creator/4.2/psoc creator/import/gnu/arm/5.4.1/bin/../lib/gcc/arm-none-eabi/5.4.1/armv7-m\libgcc.a
LOAD c:/program files (x86)/cypress/psoc creator/4.2/psoc creator/import/gnu/arm/5.4.1/bin/../lib/gcc/arm-none-eabi/5.4.1/../../../../arm-none-eabi/lib/armv7-m\libc_nano.a
END GROUP
LOAD c:/program files (x86)/cypress/psoc creator/4.2/psoc creator/import/gnu/arm/5.4.1/bin/../lib/gcc/arm-none-eabi/5.4.1/armv7-m/crtend.o
LOAD c:/program files (x86)/cypress/psoc creator/4.2/psoc creator/import/gnu/arm/5.4.1/bin/../lib/gcc/arm-none-eabi/5.4.1/armv7-m/crtn.o
START GROUP
LOAD c:/program files (x86)/cypress/psoc creator/4.2/psoc creator/import/gnu/arm/5.4.1/bin/../lib/gcc/arm-none-eabi/5.4.1/armv7-m\libgcc.a
LOAD c:/program files (x86)/cypress/psoc creator/4.2/psoc creator/import/gnu/arm/5.4.1/bin/../lib/gcc/arm-none-eabi/5.4.1/../../../../arm-none-eabi/lib/armv7-m\libc.a
LOAD c:/program files (x86)/cypress/psoc creator/4.2/psoc creator/import/gnu/arm/5.4.1/bin/../lib/gcc/arm-none-eabi/5.4.1/../../../../arm-none-eabi/lib/armv7-m\libnosys.a
END GROUP
                0x00000000                CY_APPL_ORIGIN = 0x0
                0x00000100                CY_FLASH_ROW_SIZE = 0x100
                0x00000020                CY_ECC_ROW_SIZE = 0x20
                0x00000000                CY_EE_IN_BTLDR = 0x0
                0x00000000                CY_APPL_LOADABLE = 0x0
                0x00000800                CY_EE_SIZE = 0x800
                0x00000001                CY_APPL_NUM = 0x1
                0x00000001                CY_APPL_MAX = 0x1
                0x00000040                CY_METADATA_SIZE = 0x40
                0x00000000                CY_APPL_LOADABLE = 0x0
                0x00000000                CY_CHECKSUM_EXCLUDE_SIZE = ALIGN (0x0, CY_FLASH_ROW_SIZE)
                [!provide]                PROVIDE (__cy_heap_start, _end)
                0x00000001                PROVIDE (__cy_region_num, ((__cy_regions_end - __cy_regions) / 0x10))
                0x20008000                PROVIDE (__cy_stack, (ORIGIN (ram) + LENGTH (ram)))
                [!provide]                PROVIDE (__cy_heap_end, (__cy_stack - 0x800))

.cybootloader   0x00000000        0x0
 *(.cybootloader)
                0x00000000                appl1_start = CY_APPL_ORIGIN?CY_APPL_ORIGIN:ALIGN (CY_FLASH_ROW_SIZE)
                0x0001ff00                appl2_start = (appl1_start + ALIGN ((((LENGTH (rom) - appl1_start) - (0x2 * CY_FLASH_ROW_SIZE)) / 0x2), CY_FLASH_ROW_SIZE))
                0x00000000                appl_start = (CY_APPL_NUM == 0x1)?appl1_start:appl2_start
                0x00000000                ecc_offset = ((appl_start / CY_FLASH_ROW_SIZE) * CY_ECC_ROW_SIZE)
                0x00000000                ee_offset = (CY_APPL_LOADABLE && ! (CY_EE_IN_BTLDR))?((CY_EE_SIZE / CY_APPL_MAX) * (CY_APPL_NUM - 0x1)):0x0
                0x00000800                ee_size = (CY_APPL_LOADABLE && ! (CY_EE_IN_BTLDR))?(CY_EE_SIZE / CY_APPL_MAX):CY_EE_SIZE
                [!provide]                PROVIDE (CY_ECC_OFFSET, ecc_offset)

.text           0x00000000     0x13a6
 CREATE_OBJECT_SYMBOLS
                0x00000000                PROVIDE (__cy_interrupt_vector, RomVectors)
 *(.romvectors)
 .romvectors    0x00000000       0x10 .\CortexM3\ARM_GCC_541\Debug\Cm3Start.o
                0x00000000                RomVectors
                0x00000001                ASSERT ((. != __cy_interrupt_vector), No interrupt vector)
                0x00000001                ASSERT (CY_APPL_ORIGIN?(SIZEOF (.cybootloader) <= CY_APPL_ORIGIN):0x1, Wrong image location)
                0x00000010                PROVIDE (__cy_reset, Reset)
 *(.text.Reset)
 .text.Reset    0x00000010       0x18 .\CortexM3\ARM_GCC_541\Debug\Cm3Start.o
                0x00000010                Reset
                0x00000001                ASSERT ((. != __cy_reset), No reset code)
 *(.dma_init)
                0x00000001                ASSERT ((((appl_start + .) <= 0x10000) || 0x1), DMA Init must be within the first 64k of flash)
 *(.text .text.* .gnu.linkonce.t.*)
 .text          0x00000028       0x5c c:/program files (x86)/cypress/psoc creator/4.2/psoc creator/import/gnu/arm/5.4.1/bin/../lib/gcc/arm-none-eabi/5.4.1/armv7-m/crtbegin.o
 .text.main     0x00000084       0x18 .\CortexM3\ARM_GCC_541\Debug\main.o
                0x00000084                main
 .text.DemoText
                0x0000009c       0x50 .\CortexM3\ARM_GCC_541\Debug\main.o
                0x0000009c                DemoText
 .text.oled_Init
                0x000000ec       0x90 .\CortexM3\ARM_GCC_541\Debug\oled.o
                0x000000ec                oled_Init
 .text.oled_SetBmMode
                0x0000017c       0x40 .\CortexM3\ARM_GCC_541\Debug\oled.o
                0x0000017c                oled_SetBmMode
 .text.oled_GetBmMode
                0x000001bc       0x18 .\CortexM3\ARM_GCC_541\Debug\oled.o
                0x000001bc                oled_GetBmMode
 .text.oled_Clear
                0x000001d4       0x28 .\CortexM3\ARM_GCC_541\Debug\oled.o
                0x000001d4                oled_Clear
 .text.oled_DispBitmap
                0x000001fc      0x23c .\CortexM3\ARM_GCC_541\Debug\oled.o
                0x000001fc                oled_DispBitmap
 .text.oled_DispChar
                0x00000438       0x78 .\CortexM3\ARM_GCC_541\Debug\oled.o
                0x00000438                oled_DispChar
 .text.oled_DispString
                0x000004b0       0x7c .\CortexM3\ARM_GCC_541\Debug\oled.o
                0x000004b0                oled_DispString
 .text.SetPageAddress
                0x0000052c       0x60 .\CortexM3\ARM_GCC_541\Debug\oled.o
                0x0000052c                SetPageAddress
 .text.SetColumnAddress
                0x0000058c       0x64 .\CortexM3\ARM_GCC_541\Debug\oled.o
                0x0000058c                SetColumnAddress
 .text.WriteGRAM
                0x000005f0      0x1c8 .\CortexM3\ARM_GCC_541\Debug\oled.o
                0x000005f0                WriteGRAM
 .text.CYMEMZERO
                0x000007b8       0x1c .\CortexM3\ARM_GCC_541\Debug\cyfitter_cfg.o
 .text.CYCONFIGCPY
                0x000007d4       0x20 .\CortexM3\ARM_GCC_541\Debug\cyfitter_cfg.o
 .text.CyClockStartupError
                0x000007f4        0xc .\CortexM3\ARM_GCC_541\Debug\cyfitter_cfg.o
 .text.cfg_write_bytes32
                0x00000800       0x74 .\CortexM3\ARM_GCC_541\Debug\cyfitter_cfg.o
 .text.ClockSetup
                0x00000874       0xd8 .\CortexM3\ARM_GCC_541\Debug\cyfitter_cfg.o
 .text.AnalogSetDefault
                0x0000094c       0x44 .\CortexM3\ARM_GCC_541\Debug\cyfitter_cfg.o
 .text.cyfitter_cfg
                0x00000990      0x110 .\CortexM3\ARM_GCC_541\Debug\cyfitter_cfg.o
                0x00000990                cyfitter_cfg
 .text.IntDefaultHandler
                0x00000aa0       0x14 .\CortexM3\ARM_GCC_541\Debug\Cm3Start.o
                0x00000aa0                IntDefaultHandler
 .text.Start_c  0x00000ab4       0x98 .\CortexM3\ARM_GCC_541\Debug\Cm3Start.o
                0x00000ab4                Start_c
 .text.initialize_psoc
                0x00000b4c       0x90 .\CortexM3\ARM_GCC_541\Debug\Cm3Start.o
                0x00000b4c                initialize_psoc
 .text.CyHalt   0x00000bdc       0x18 .\CortexM3\ARM_GCC_541\Debug\OLED_I2C.a(CyLib.o)
                0x00000bdc                CyHalt
 .text.CyDelay  0x00000bf4       0x44 .\CortexM3\ARM_GCC_541\Debug\OLED_I2C.a(CyLib.o)
                0x00000bf4                CyDelay
 .text.CyIntSetVector
                0x00000c38       0x50 .\CortexM3\ARM_GCC_541\Debug\OLED_I2C.a(CyLib.o)
                0x00000c38                CyIntSetVector
 .text.CyIntSetPriority
                0x00000c88       0x48 .\CortexM3\ARM_GCC_541\Debug\OLED_I2C.a(CyLib.o)
                0x00000c88                CyIntSetPriority
 .text.I2C_OLED_Init
                0x00000cd0       0x84 .\CortexM3\ARM_GCC_541\Debug\OLED_I2C.a(I2C_OLED.o)
                0x00000cd0                I2C_OLED_Init
 .text.I2C_OLED_Enable
                0x00000d54       0x48 .\CortexM3\ARM_GCC_541\Debug\OLED_I2C.a(I2C_OLED.o)
                0x00000d54                I2C_OLED_Enable
 .text.I2C_OLED_Start
                0x00000d9c       0x30 .\CortexM3\ARM_GCC_541\Debug\OLED_I2C.a(I2C_OLED.o)
                0x00000d9c                I2C_OLED_Start
 .text.I2C_OLED_ISR
                0x00000dcc      0x3a8 .\CortexM3\ARM_GCC_541\Debug\OLED_I2C.a(I2C_OLED_INT.o)
                0x00000dcc                I2C_OLED_ISR
 .text.I2C_OLED_MasterSendStart
                0x00001174       0xb8 .\CortexM3\ARM_GCC_541\Debug\OLED_I2C.a(I2C_OLED_MASTER.o)
                0x00001174                I2C_OLED_MasterSendStart
 .text.I2C_OLED_MasterSendStop
                0x0000122c       0x58 .\CortexM3\ARM_GCC_541\Debug\OLED_I2C.a(I2C_OLED_MASTER.o)
                0x0000122c                I2C_OLED_MasterSendStop
 .text.I2C_OLED_MasterWriteByte
                0x00001284       0x80 .\CortexM3\ARM_GCC_541\Debug\OLED_I2C.a(I2C_OLED_MASTER.o)
                0x00001284                I2C_OLED_MasterWriteByte
 *fill*         0x00001304        0x4 
 .text          0x00001308       0x20 .\CortexM3\ARM_GCC_541\Debug\OLED_I2C.a(CyBootAsmGnu.o)
                0x00001308                CyDelayCycles
                0x00001318                CyEnterCriticalSection
                0x00001320                CyExitCriticalSection
 .text.__errno  0x00001328        0xc c:/program files (x86)/cypress/psoc creator/4.2/psoc creator/import/gnu/arm/5.4.1/bin/../lib/gcc/arm-none-eabi/5.4.1/../../../../arm-none-eabi/lib/armv7-m\libg_nano.a(lib_a-errno.o)
                0x00001328                __errno
 .text.__libc_init_array
                0x00001334       0x4c c:/program files (x86)/cypress/psoc creator/4.2/psoc creator/import/gnu/arm/5.4.1/bin/../lib/gcc/arm-none-eabi/5.4.1/../../../../arm-none-eabi/lib/armv7-m\libg_nano.a(lib_a-init.o)
                0x00001334                __libc_init_array
 .text.memcpy   0x00001380       0x16 c:/program files (x86)/cypress/psoc creator/4.2/psoc creator/import/gnu/arm/5.4.1/bin/../lib/gcc/arm-none-eabi/5.4.1/../../../../arm-none-eabi/lib/armv7-m\libg_nano.a(lib_a-memcpy-stub.o)
                0x00001380                memcpy
 .text.memset   0x00001396       0x10 c:/program files (x86)/cypress/psoc creator/4.2/psoc creator/import/gnu/arm/5.4.1/bin/../lib/gcc/arm-none-eabi/5.4.1/../../../../arm-none-eabi/lib/armv7-m\libg_nano.a(lib_a-memset.o)
                0x00001396                memset
 *(.plt)
 *(.gnu.warning)
 *(.glue_7t)
 .glue_7t       0x000013a6        0x0 linker stubs
 *(.glue_7)
 .glue_7        0x000013a6        0x0 linker stubs
 *(.vfp11_veneer)
 .vfp11_veneer  0x000013a6        0x0 linker stubs
 *(.bootloader)
 *(.ARM.extab* .gnu.linkonce.armextab.*)
 *(.gcc_except_table)

.v4_bx          0x000013a8        0x0
 .v4_bx         0x000013a8        0x0 linker stubs

.iplt           0x000013a8        0x0
 .iplt          0x000013a8        0x0 c:/program files (x86)/cypress/psoc creator/4.2/psoc creator/import/gnu/arm/5.4.1/bin/../lib/gcc/arm-none-eabi/5.4.1/armv7-m/crtbegin.o

.eh_frame_hdr
 *(.eh_frame_hdr)

.eh_frame       0x000013a8        0x4
 *(.eh_frame)
 .eh_frame      0x000013a8        0x0 c:/program files (x86)/cypress/psoc creator/4.2/psoc creator/import/gnu/arm/5.4.1/bin/../lib/gcc/arm-none-eabi/5.4.1/armv7-m/crtbegin.o
 .eh_frame      0x000013a8        0x4 c:/program files (x86)/cypress/psoc creator/4.2/psoc creator/import/gnu/arm/5.4.1/bin/../lib/gcc/arm-none-eabi/5.4.1/armv7-m/crtend.o
                [!provide]                PROVIDE (__exidx_start, .)

.ARM.exidx
 *(.ARM.exidx* .gnu.linkonce.armexidx.*)
                0x000013ac                __exidx_end = .

.rodata         0x000013ac      0xc74
 *(.rodata .rodata.* .gnu.linkonce.r.*)
 .rodata        0x000013ac       0x1c .\CortexM3\ARM_GCC_541\Debug\main.o
 .rodata        0x000013c8        0x8 .\CortexM3\ARM_GCC_541\Debug\oled.o
                0x000013c8                initCmds
 .rodata        0x000013d0      0xbe2 .\CortexM3\ARM_GCC_541\Debug\font.o
                0x000013d0                font
 *fill*         0x00001fb2        0x2 
 .rodata        0x00001fb4       0x36 .\CortexM3\ARM_GCC_541\Debug\cyfitter_cfg.o
 .rodata.str1.1
                0x00001fea        0x2 c:/program files (x86)/cypress/psoc creator/4.2/psoc creator/import/gnu/arm/5.4.1/bin/../lib/gcc/arm-none-eabi/5.4.1/../../../../arm-none-eabi/lib/armv7-m\libg_nano.a(lib_a-impure.o)
                0x00001fec                . = ALIGN (0x4)
 *(.init)
 .init          0x00001fec        0x4 c:/program files (x86)/cypress/psoc creator/4.2/psoc creator/import/gnu/arm/5.4.1/bin/../lib/gcc/arm-none-eabi/5.4.1/armv7-m/crti.o
                0x00001fec                _init
 .init          0x00001ff0        0x8 c:/program files (x86)/cypress/psoc creator/4.2/psoc creator/import/gnu/arm/5.4.1/bin/../lib/gcc/arm-none-eabi/5.4.1/armv7-m/crtn.o
                0x00001ff8                . = ALIGN (0x4)
                0x00001ff8                __preinit_array_start = .
 *(.preinit_array)
                0x00001ff8                __preinit_array_end = .
                0x00001ff8                . = ALIGN (0x4)
                0x00001ff8                __init_array_start = .
 *(SORT(.init_array.*))
 *(.init_array)
 .init_array    0x00001ff8        0x4 c:/program files (x86)/cypress/psoc creator/4.2/psoc creator/import/gnu/arm/5.4.1/bin/../lib/gcc/arm-none-eabi/5.4.1/armv7-m/crtbegin.o
 .init_array    0x00001ffc        0x4 .\CortexM3\ARM_GCC_541\Debug\Cm3Start.o
                0x00002000                __init_array_end = .
                0x00002000                . = ALIGN (0x4)
 *(.fini)
 .fini          0x00002000        0x4 c:/program files (x86)/cypress/psoc creator/4.2/psoc creator/import/gnu/arm/5.4.1/bin/../lib/gcc/arm-none-eabi/5.4.1/armv7-m/crti.o
                0x00002000                _fini
 .fini          0x00002004        0x8 c:/program files (x86)/cypress/psoc creator/4.2/psoc creator/import/gnu/arm/5.4.1/bin/../lib/gcc/arm-none-eabi/5.4.1/armv7-m/crtn.o
                0x0000200c                . = ALIGN (0x4)
                0x0000200c                __fini_array_start = .
 *(.fini_array)
 .fini_array    0x0000200c        0x4 c:/program files (x86)/cypress/psoc creator/4.2/psoc creator/import/gnu/arm/5.4.1/bin/../lib/gcc/arm-none-eabi/5.4.1/armv7-m/crtbegin.o
 *(SORT(.fini_array.*))
                0x00002010                __fini_array_end = .
                0x00002010                . = ALIGN (0x4)
 *crtbegin.o(.ctors)
 *(EXCLUDE_FILE(*crtend.o) .ctors)
 *(SORT(.ctors.*))
 *crtend.o(.ctors)
                0x00002010                . = ALIGN (0x4)
 *crtbegin.o(.dtors)
 *(EXCLUDE_FILE(*crtend.o) .dtors)
 *(SORT(.dtors.*))
 *crtend.o(.dtors)
                0x00002010                . = ALIGN (0x4)
                0x00002010                __cy_regions = .
                0x00002010        0x4 LONG 0x2020 __cy_region_init_ram
                0x00002014        0x4 LONG 0x1fff80c8 __cy_region_start_data
                0x00002018        0x4 LONG 0x78 __cy_region_init_size_ram
                0x0000201c        0x4 LONG 0x30 __cy_region_zero_size_ram
                0x00002020                __cy_regions_end = .
                0x00002020                . = ALIGN (0x8)
                0x00002020                _etext = .

.cy_checksum_exclude
                0x00002020        0x0
 *(.cy_checksum_exclude)

.ramvectors     0x1fff8000       0xc0
                0x1fff8000                __cy_region_start_ram = .
 *(.ramvectors)
 .ramvectors    0x1fff8000       0xc0 .\CortexM3\ARM_GCC_541\Debug\Cm3Start.o
                0x1fff8000                CyRamVectors

.noinit         0x1fff80c0        0x5
 *(.noinit)
 .noinit        0x1fff80c0        0x4 .\CortexM3\ARM_GCC_541\Debug\Cm3Start.o
 .noinit        0x1fff80c4        0x1 .\CortexM3\ARM_GCC_541\Debug\OLED_I2C.a(CyLib.o)
                0x1fff80c4                CyResetStatus

.data           0x1fff80c8       0x78 load address 0x00002020
                0x1fff80c8                __cy_region_start_data = .
 *(.jcr)
 .jcr           0x1fff80c8        0x0 c:/program files (x86)/cypress/psoc creator/4.2/psoc creator/import/gnu/arm/5.4.1/bin/../lib/gcc/arm-none-eabi/5.4.1/armv7-m/crtbegin.o
 .jcr           0x1fff80c8        0x4 c:/program files (x86)/cypress/psoc creator/4.2/psoc creator/import/gnu/arm/5.4.1/bin/../lib/gcc/arm-none-eabi/5.4.1/armv7-m/crtend.o
 *(.got.plt)
 *(.got)
 *(.shdata)
 *(.data .data.* .gnu.linkonce.d.*)
 .data          0x1fff80cc       0x10 .\CortexM3\ARM_GCC_541\Debug\OLED_I2C.a(CyLib.o)
                0x1fff80cc                cydelay_freq_hz
                0x1fff80d0                cydelay_freq_khz
                0x1fff80d4                cydelay_freq_mhz
                0x1fff80d8                cydelay_32k_ms
 .data.impure_data
                0x1fff80dc       0x60 c:/program files (x86)/cypress/psoc creator/4.2/psoc creator/import/gnu/arm/5.4.1/bin/../lib/gcc/arm-none-eabi/5.4.1/../../../../arm-none-eabi/lib/armv7-m\libg_nano.a(lib_a-impure.o)
 .data._impure_ptr
                0x1fff813c        0x4 c:/program files (x86)/cypress/psoc creator/4.2/psoc creator/import/gnu/arm/5.4.1/bin/../lib/gcc/arm-none-eabi/5.4.1/../../../../arm-none-eabi/lib/armv7-m\libg_nano.a(lib_a-impure.o)
                0x1fff813c                _impure_ptr
                0x1fff8140                . = ALIGN (0x8)
 *(.ram)
                0x1fff8140                _edata = .

.igot.plt       0x1fff8140        0x0 load address 0x00002098
 .igot.plt      0x1fff8140        0x0 c:/program files (x86)/cypress/psoc creator/4.2/psoc creator/import/gnu/arm/5.4.1/bin/../lib/gcc/arm-none-eabi/5.4.1/armv7-m/crtbegin.o

.bss            0x1fff8140       0x30 load address 0x00002098
                0x1fff8140                PROVIDE (__bss_start__, .)
 *(.shbss)
 *(.bss .bss.* .gnu.linkonce.b.*)
 .bss           0x1fff8140       0x1c c:/program files (x86)/cypress/psoc creator/4.2/psoc creator/import/gnu/arm/5.4.1/bin/../lib/gcc/arm-none-eabi/5.4.1/armv7-m/crtbegin.o
 .bss           0x1fff815c        0x1 .\CortexM3\ARM_GCC_541\Debug\OLED_I2C.a(I2C_OLED.o)
                0x1fff815c                I2C_OLED_initVar
 *(COMMON)
 COMMON         0x1fff815d        0x1 .\CortexM3\ARM_GCC_541\Debug\OLED_I2C.a(I2C_OLED.o)
                0x1fff815d                I2C_OLED_state
 *fill*         0x1fff815e        0x2 
 COMMON         0x1fff8160        0xe .\CortexM3\ARM_GCC_541\Debug\OLED_I2C.a(I2C_OLED_MASTER.o)
                0x1fff8160                I2C_OLED_mstrRdBufPtr
                0x1fff8164                I2C_OLED_mstrWrBufPtr
                0x1fff8168                I2C_OLED_mstrControl
                0x1fff8169                I2C_OLED_mstrRdBufIndex
                0x1fff816a                I2C_OLED_mstrWrBufIndex
                0x1fff816b                I2C_OLED_mstrRdBufSize
                0x1fff816c                I2C_OLED_mstrStatus
                0x1fff816d                I2C_OLED_mstrWrBufSize
                0x1fff8170                . = ALIGN (0x8)
 *fill*         0x1fff816e        0x2 
 *(.ram.b)
                0x1fff8170                _end = .
                0x1fff8170                __end = .
                0x1fff8170                PROVIDE (end, .)
                0x1fff8170                PROVIDE (__bss_end__, .)
                0x00002020                __cy_region_init_ram = LOADADDR (.data)
                0x00000078                __cy_region_init_size_ram = (_edata - ADDR (.data))
                0x00000030                __cy_region_zero_size_ram = (_end - _edata)

.heap           0x1fff8170       0x80 load address 0x00002098
                0x1fff8170                . = _end
                0x1fff81f0                . = (. + 0x80)
 *fill*         0x1fff8170       0x80 
                0x1fff81f0                __cy_heap_limit = .

.stack          0x20007800      0x800
                0x20007800                __cy_stack_limit = .
                0x20008000                . = (. + 0x800)
 *fill*         0x20007800      0x800 
                0x00000001                ASSERT ((__cy_stack_limit >= __cy_heap_limit), region RAM overflowed with stack)
                0x00000000                cy_checksum_exclude_size = (CY_APPL_LOADABLE == 0x1)?SIZEOF (.cy_checksum_exclude):0x0
                0x00000001                ASSERT ((cy_checksum_exclude_size <= CY_CHECKSUM_EXCLUDE_SIZE), CY_BOOT: Section .cy_checksum_exclude size exceedes specified limit.)

.cyloadermeta
 *(.cyloadermeta)

.cyloadablemeta
 *(.cyloadablemeta)

.cyconfigecc    0x80000000       0xac
 *(.cyconfigecc)
 .cyconfigecc   0x80000000       0xac .\CortexM3\ARM_GCC_541\Debug\cymetadata.o
                0x80000000                cy_meta_configecc

.cycustnvl      0x90000000        0x4
 *(.cycustnvl)
 .cycustnvl     0x90000000        0x4 .\CortexM3\ARM_GCC_541\Debug\cymetadata.o
                0x90000000                cy_meta_custnvl

.cywolatch      0x90100000        0x4
 *(.cywolatch)
 .cywolatch     0x90100000        0x4 .\CortexM3\ARM_GCC_541\Debug\cymetadata.o
                0x90100000                cy_meta_wonvl

.cyeeprom       0x90200000        0x0
 *(.cyeeprom)
                0x00000001                ASSERT ((. <= ((0x90200000 + ee_offset) + ee_size)), .cyeeprom data will not fit in EEPROM)

.cyflashprotect
                0x90400000      0x100
 *(.cyflashprotect)
 .cyflashprotect
                0x90400000      0x100 .\CortexM3\ARM_GCC_541\Debug\cymetadata.o
                0x90400000                cy_meta_flashprotect

.cymeta         0x90500000        0xc
 *(.cymeta)
 .cymeta        0x90500000        0xc .\CortexM3\ARM_GCC_541\Debug\cymetadata.o
                0x90500000                cy_metadata

.rel.dyn        0x00002098        0x0 load address 0x9050000c
 .rel.iplt      0x00002098        0x0 c:/program files (x86)/cypress/psoc creator/4.2/psoc creator/import/gnu/arm/5.4.1/bin/../lib/gcc/arm-none-eabi/5.4.1/armv7-m/crtbegin.o

.stab
 *(.stab)

.stabstr
 *(.stabstr)

.debug
 *(.debug)

.line
 *(.line)

.debug_srcinfo
 *(.debug_srcinfo)

.debug_sfnames
 *(.debug_sfnames)

.debug_aranges  0x00000000      0x7d8
 *(.debug_aranges)
 .debug_aranges
                0x00000000       0x38 .\CortexM3\ARM_GCC_541\Debug\main.o
 .debug_aranges
                0x00000038      0x158 .\CortexM3\ARM_GCC_541\Debug\oled.o
 .debug_aranges
                0x00000190       0x18 .\CortexM3\ARM_GCC_541\Debug\font.o
 .debug_aranges
                0x000001a8       0x60 .\CortexM3\ARM_GCC_541\Debug\cyfitter_cfg.o
 .debug_aranges
                0x00000208       0x18 .\CortexM3\ARM_GCC_541\Debug\cymetadata.o
 .debug_aranges
                0x00000220       0x48 .\CortexM3\ARM_GCC_541\Debug\Cm3Start.o
 .debug_aranges
                0x00000268      0x2a0 .\CortexM3\ARM_GCC_541\Debug\OLED_I2C.a(CyLib.o)
 .debug_aranges
                0x00000508       0x98 .\CortexM3\ARM_GCC_541\Debug\OLED_I2C.a(cyPm.o)
 .debug_aranges
                0x000005a0       0x38 .\CortexM3\ARM_GCC_541\Debug\OLED_I2C.a(I2C_OLED.o)
 .debug_aranges
                0x000005d8       0x20 .\CortexM3\ARM_GCC_541\Debug\OLED_I2C.a(I2C_OLED_INT.o)
 .debug_aranges
                0x000005f8       0x38 .\CortexM3\ARM_GCC_541\Debug\OLED_I2C.a(I2C_OLED_PM.o)
 .debug_aranges
                0x00000630       0x80 .\CortexM3\ARM_GCC_541\Debug\OLED_I2C.a(I2C_OLED_MASTER.o)
 .debug_aranges
                0x000006b0       0x20 .\CortexM3\ARM_GCC_541\Debug\OLED_I2C.a(CyBootAsmGnu.o)
 .debug_aranges
                0x000006d0       0x88 .\CortexM3\ARM_GCC_541\Debug\OLED_I2C.a(CyFlash.o)
 .debug_aranges
                0x00000758       0x80 .\CortexM3\ARM_GCC_541\Debug\OLED_I2C.a(CySpc.o)

.debug_pubnames
 *(.debug_pubnames)

.debug_info     0x00000000     0x42ab
 *(.debug_info .gnu.linkonce.wi.*)
 .debug_info    0x00000000      0x304 .\CortexM3\ARM_GCC_541\Debug\main.o
 .debug_info    0x00000304     0x10d4 .\CortexM3\ARM_GCC_541\Debug\oled.o
 .debug_info    0x000013d8      0x129 .\CortexM3\ARM_GCC_541\Debug\font.o
 .debug_info    0x00001501      0x39a .\CortexM3\ARM_GCC_541\Debug\cyfitter_cfg.o
 .debug_info    0x0000189b      0x134 .\CortexM3\ARM_GCC_541\Debug\cymetadata.o
 .debug_info    0x000019cf      0x32b .\CortexM3\ARM_GCC_541\Debug\Cm3Start.o
 .debug_info    0x00001cfa      0xe51 .\CortexM3\ARM_GCC_541\Debug\OLED_I2C.a(CyLib.o)
 .debug_info    0x00002b4b      0x57a .\CortexM3\ARM_GCC_541\Debug\OLED_I2C.a(cyPm.o)
 .debug_info    0x000030c5      0x201 .\CortexM3\ARM_GCC_541\Debug\OLED_I2C.a(I2C_OLED.o)
 .debug_info    0x000032c6      0x156 .\CortexM3\ARM_GCC_541\Debug\OLED_I2C.a(I2C_OLED_INT.o)
 .debug_info    0x0000341c      0x19a .\CortexM3\ARM_GCC_541\Debug\OLED_I2C.a(I2C_OLED_PM.o)
 .debug_info    0x000035b6      0x3f8 .\CortexM3\ARM_GCC_541\Debug\OLED_I2C.a(I2C_OLED_MASTER.o)
 .debug_info    0x000039ae       0x84 .\CortexM3\ARM_GCC_541\Debug\OLED_I2C.a(CyBootAsmGnu.o)
 .debug_info    0x00003a32      0x3b9 .\CortexM3\ARM_GCC_541\Debug\OLED_I2C.a(CyFlash.o)
 .debug_info    0x00003deb      0x4c0 .\CortexM3\ARM_GCC_541\Debug\OLED_I2C.a(CySpc.o)

.debug_abbrev   0x00000000     0x1101
 *(.debug_abbrev)
 .debug_abbrev  0x00000000      0x101 .\CortexM3\ARM_GCC_541\Debug\main.o
 .debug_abbrev  0x00000101      0x1d6 .\CortexM3\ARM_GCC_541\Debug\oled.o
 .debug_abbrev  0x000002d7       0x9e .\CortexM3\ARM_GCC_541\Debug\font.o
 .debug_abbrev  0x00000375      0x19d .\CortexM3\ARM_GCC_541\Debug\cyfitter_cfg.o
 .debug_abbrev  0x00000512       0x5d .\CortexM3\ARM_GCC_541\Debug\cymetadata.o
 .debug_abbrev  0x0000056f      0x1d6 .\CortexM3\ARM_GCC_541\Debug\Cm3Start.o
 .debug_abbrev  0x00000745      0x217 .\CortexM3\ARM_GCC_541\Debug\OLED_I2C.a(CyLib.o)
 .debug_abbrev  0x0000095c      0x161 .\CortexM3\ARM_GCC_541\Debug\OLED_I2C.a(cyPm.o)
 .debug_abbrev  0x00000abd       0xe2 .\CortexM3\ARM_GCC_541\Debug\OLED_I2C.a(I2C_OLED.o)
 .debug_abbrev  0x00000b9f       0x81 .\CortexM3\ARM_GCC_541\Debug\OLED_I2C.a(I2C_OLED_INT.o)
 .debug_abbrev  0x00000c20       0xf8 .\CortexM3\ARM_GCC_541\Debug\OLED_I2C.a(I2C_OLED_PM.o)
 .debug_abbrev  0x00000d18      0x11e .\CortexM3\ARM_GCC_541\Debug\OLED_I2C.a(I2C_OLED_MASTER.o)
 .debug_abbrev  0x00000e36       0x14 .\CortexM3\ARM_GCC_541\Debug\OLED_I2C.a(CyBootAsmGnu.o)
 .debug_abbrev  0x00000e4a      0x14b .\CortexM3\ARM_GCC_541\Debug\OLED_I2C.a(CyFlash.o)
 .debug_abbrev  0x00000f95      0x16c .\CortexM3\ARM_GCC_541\Debug\OLED_I2C.a(CySpc.o)

.debug_line     0x00000000     0x25ae
 *(.debug_line)
 .debug_line    0x00000000      0x276 .\CortexM3\ARM_GCC_541\Debug\main.o
 .debug_line    0x00000276      0x71b .\CortexM3\ARM_GCC_541\Debug\oled.o
 .debug_line    0x00000991      0x160 .\CortexM3\ARM_GCC_541\Debug\font.o
 .debug_line    0x00000af1      0x1e9 .\CortexM3\ARM_GCC_541\Debug\cyfitter_cfg.o
 .debug_line    0x00000cda      0x141 .\CortexM3\ARM_GCC_541\Debug\cymetadata.o
 .debug_line    0x00000e1b      0x1dc .\CortexM3\ARM_GCC_541\Debug\Cm3Start.o
 .debug_line    0x00000ff7      0x883 .\CortexM3\ARM_GCC_541\Debug\OLED_I2C.a(CyLib.o)
 .debug_line    0x0000187a      0x38e .\CortexM3\ARM_GCC_541\Debug\OLED_I2C.a(cyPm.o)
 .debug_line    0x00001c08       0xe4 .\CortexM3\ARM_GCC_541\Debug\OLED_I2C.a(I2C_OLED.o)
 .debug_line    0x00001cec      0x145 .\CortexM3\ARM_GCC_541\Debug\OLED_I2C.a(I2C_OLED_INT.o)
 .debug_line    0x00001e31       0xc5 .\CortexM3\ARM_GCC_541\Debug\OLED_I2C.a(I2C_OLED_PM.o)
 .debug_line    0x00001ef6      0x1f2 .\CortexM3\ARM_GCC_541\Debug\OLED_I2C.a(I2C_OLED_MASTER.o)
 .debug_line    0x000020e8       0x66 .\CortexM3\ARM_GCC_541\Debug\OLED_I2C.a(CyBootAsmGnu.o)
 .debug_line    0x0000214e      0x22f .\CortexM3\ARM_GCC_541\Debug\OLED_I2C.a(CyFlash.o)
 .debug_line    0x0000237d      0x231 .\CortexM3\ARM_GCC_541\Debug\OLED_I2C.a(CySpc.o)

.debug_frame    0x00000000     0x2010
 *(.debug_frame)
 .debug_frame   0x00000000       0xa0 .\CortexM3\ARM_GCC_541\Debug\main.o
 .debug_frame   0x000000a0      0x664 .\CortexM3\ARM_GCC_541\Debug\oled.o
 .debug_frame   0x00000704      0x16c .\CortexM3\ARM_GCC_541\Debug\cyfitter_cfg.o
 .debug_frame   0x00000870       0xd8 .\CortexM3\ARM_GCC_541\Debug\Cm3Start.o
 .debug_frame   0x00000948      0xc0c .\CortexM3\ARM_GCC_541\Debug\OLED_I2C.a(CyLib.o)
 .debug_frame   0x00001554      0x234 .\CortexM3\ARM_GCC_541\Debug\OLED_I2C.a(cyPm.o)
 .debug_frame   0x00001788       0x98 .\CortexM3\ARM_GCC_541\Debug\OLED_I2C.a(I2C_OLED.o)
 .debug_frame   0x00001820       0x38 .\CortexM3\ARM_GCC_541\Debug\OLED_I2C.a(I2C_OLED_INT.o)
 .debug_frame   0x00001858       0x94 .\CortexM3\ARM_GCC_541\Debug\OLED_I2C.a(I2C_OLED_PM.o)
 .debug_frame   0x000018ec      0x208 .\CortexM3\ARM_GCC_541\Debug\OLED_I2C.a(I2C_OLED_MASTER.o)
 .debug_frame   0x00001af4      0x238 .\CortexM3\ARM_GCC_541\Debug\OLED_I2C.a(CyFlash.o)
 .debug_frame   0x00001d2c      0x228 .\CortexM3\ARM_GCC_541\Debug\OLED_I2C.a(CySpc.o)
 .debug_frame   0x00001f54       0x20 c:/program files (x86)/cypress/psoc creator/4.2/psoc creator/import/gnu/arm/5.4.1/bin/../lib/gcc/arm-none-eabi/5.4.1/../../../../arm-none-eabi/lib/armv7-m\libg_nano.a(lib_a-errno.o)
 .debug_frame   0x00001f74       0x28 c:/program files (x86)/cypress/psoc creator/4.2/psoc creator/import/gnu/arm/5.4.1/bin/../lib/gcc/arm-none-eabi/5.4.1/../../../../arm-none-eabi/lib/armv7-m\libg_nano.a(lib_a-exit.o)
 .debug_frame   0x00001f9c       0x2c c:/program files (x86)/cypress/psoc creator/4.2/psoc creator/import/gnu/arm/5.4.1/bin/../lib/gcc/arm-none-eabi/5.4.1/../../../../arm-none-eabi/lib/armv7-m\libg_nano.a(lib_a-init.o)
 .debug_frame   0x00001fc8       0x28 c:/program files (x86)/cypress/psoc creator/4.2/psoc creator/import/gnu/arm/5.4.1/bin/../lib/gcc/arm-none-eabi/5.4.1/../../../../arm-none-eabi/lib/armv7-m\libg_nano.a(lib_a-memcpy-stub.o)
 .debug_frame   0x00001ff0       0x20 c:/program files (x86)/cypress/psoc creator/4.2/psoc creator/import/gnu/arm/5.4.1/bin/../lib/gcc/arm-none-eabi/5.4.1/../../../../arm-none-eabi/lib/armv7-m\libg_nano.a(lib_a-memset.o)

.debug_str      0x00000000     0x198f
 *(.debug_str)
 .debug_str     0x00000000      0x1f0 .\CortexM3\ARM_GCC_541\Debug\main.o
                                0x267 (size before relaxing)
 .debug_str     0x000001f0      0x2a6 .\CortexM3\ARM_GCC_541\Debug\oled.o
                                0x4bc (size before relaxing)
 .debug_str     0x00000496        0x7 .\CortexM3\ARM_GCC_541\Debug\font.o
                                0x1bf (size before relaxing)
 .debug_str     0x0000049d      0x16e .\CortexM3\ARM_GCC_541\Debug\cyfitter_cfg.o
                                0x2f7 (size before relaxing)
 .debug_str     0x0000060b       0x7f .\CortexM3\ARM_GCC_541\Debug\cymetadata.o
                                0x1d8 (size before relaxing)
 .debug_str     0x0000068a      0x123 .\CortexM3\ARM_GCC_541\Debug\Cm3Start.o
                                0x2cb (size before relaxing)
 .debug_str     0x000007ad      0x801 .\CortexM3\ARM_GCC_541\Debug\OLED_I2C.a(CyLib.o)
                                0x9de (size before relaxing)
 .debug_str     0x00000fae      0x371 .\CortexM3\ARM_GCC_541\Debug\OLED_I2C.a(cyPm.o)
                                0x537 (size before relaxing)
 .debug_str     0x0000131f      0x11f .\CortexM3\ARM_GCC_541\Debug\OLED_I2C.a(I2C_OLED.o)
                                0x2b6 (size before relaxing)
 .debug_str     0x0000143e       0xa9 .\CortexM3\ARM_GCC_541\Debug\OLED_I2C.a(I2C_OLED_INT.o)
                                0x283 (size before relaxing)
 .debug_str     0x000014e7       0x6f .\CortexM3\ARM_GCC_541\Debug\OLED_I2C.a(I2C_OLED_PM.o)
                                0x253 (size before relaxing)
 .debug_str     0x00001556      0x1b6 .\CortexM3\ARM_GCC_541\Debug\OLED_I2C.a(I2C_OLED_MASTER.o)
                                0x40b (size before relaxing)
 .debug_str     0x0000170c      0x156 .\CortexM3\ARM_GCC_541\Debug\OLED_I2C.a(CyFlash.o)
                                0x2fb (size before relaxing)
 .debug_str     0x00001862      0x12d .\CortexM3\ARM_GCC_541\Debug\OLED_I2C.a(CySpc.o)
                                0x2f5 (size before relaxing)

.debug_loc
 *(.debug_loc)

.debug_macinfo
 *(.debug_macinfo)

.debug_ranges   0x00000000      0x6c8
 *(.debug_ranges)
 .debug_ranges  0x00000000       0x28 .\CortexM3\ARM_GCC_541\Debug\main.o
 .debug_ranges  0x00000028      0x148 .\CortexM3\ARM_GCC_541\Debug\oled.o
 .debug_ranges  0x00000170       0x50 .\CortexM3\ARM_GCC_541\Debug\cyfitter_cfg.o
 .debug_ranges  0x000001c0       0x38 .\CortexM3\ARM_GCC_541\Debug\Cm3Start.o
 .debug_ranges  0x000001f8      0x290 .\CortexM3\ARM_GCC_541\Debug\OLED_I2C.a(CyLib.o)
 .debug_ranges  0x00000488       0x88 .\CortexM3\ARM_GCC_541\Debug\OLED_I2C.a(cyPm.o)
 .debug_ranges  0x00000510       0x28 .\CortexM3\ARM_GCC_541\Debug\OLED_I2C.a(I2C_OLED.o)
 .debug_ranges  0x00000538       0x10 .\CortexM3\ARM_GCC_541\Debug\OLED_I2C.a(I2C_OLED_INT.o)
 .debug_ranges  0x00000548       0x28 .\CortexM3\ARM_GCC_541\Debug\OLED_I2C.a(I2C_OLED_PM.o)
 .debug_ranges  0x00000570       0x70 .\CortexM3\ARM_GCC_541\Debug\OLED_I2C.a(I2C_OLED_MASTER.o)
 .debug_ranges  0x000005e0       0x78 .\CortexM3\ARM_GCC_541\Debug\OLED_I2C.a(CyFlash.o)
 .debug_ranges  0x00000658       0x70 .\CortexM3\ARM_GCC_541\Debug\OLED_I2C.a(CySpc.o)

.comment        0x00000000       0x6e
 .comment       0x00000000       0x6e .\CortexM3\ARM_GCC_541\Debug\main.o
                                 0x6f (size before relaxing)
 .comment       0x0000006e       0x6f .\CortexM3\ARM_GCC_541\Debug\oled.o
 .comment       0x0000006e       0x6f .\CortexM3\ARM_GCC_541\Debug\font.o
 .comment       0x0000006e       0x6f .\CortexM3\ARM_GCC_541\Debug\cyfitter_cfg.o
 .comment       0x0000006e       0x6f .\CortexM3\ARM_GCC_541\Debug\cymetadata.o
 .comment       0x0000006e       0x6f .\CortexM3\ARM_GCC_541\Debug\Cm3Start.o
 .comment       0x0000006e       0x6f .\CortexM3\ARM_GCC_541\Debug\OLED_I2C.a(CyLib.o)
 .comment       0x0000006e       0x6f .\CortexM3\ARM_GCC_541\Debug\OLED_I2C.a(cyPm.o)
 .comment       0x0000006e       0x6f .\CortexM3\ARM_GCC_541\Debug\OLED_I2C.a(I2C_OLED.o)
 .comment       0x0000006e       0x6f .\CortexM3\ARM_GCC_541\Debug\OLED_I2C.a(I2C_OLED_INT.o)
 .comment       0x0000006e       0x6f .\CortexM3\ARM_GCC_541\Debug\OLED_I2C.a(I2C_OLED_PM.o)
 .comment       0x0000006e       0x6f .\CortexM3\ARM_GCC_541\Debug\OLED_I2C.a(I2C_OLED_MASTER.o)
 .comment       0x0000006e       0x6f .\CortexM3\ARM_GCC_541\Debug\OLED_I2C.a(CyFlash.o)
 .comment       0x0000006e       0x6f .\CortexM3\ARM_GCC_541\Debug\OLED_I2C.a(CySpc.o)

.debug_weaknames
 *(.debug_weaknames)

.debug_funcnames
 *(.debug_funcnames)

.debug_typenames
 *(.debug_typenames)

.debug_varnames
 *(.debug_varnames)

.note.gnu.arm.ident
 *(.note.gnu.arm.ident)

.ARM.attributes
                0x00000000       0x29
 *(.ARM.attributes)
 .ARM.attributes
                0x00000000       0x1d c:/program files (x86)/cypress/psoc creator/4.2/psoc creator/import/gnu/arm/5.4.1/bin/../lib/gcc/arm-none-eabi/5.4.1/armv7-m/crti.o
 .ARM.attributes
                0x0000001d       0x2d c:/program files (x86)/cypress/psoc creator/4.2/psoc creator/import/gnu/arm/5.4.1/bin/../lib/gcc/arm-none-eabi/5.4.1/armv7-m/crtbegin.o
 .ARM.attributes
                0x0000004a       0x1b c:/program files (x86)/cypress/psoc creator/4.2/psoc creator/import/gnu/arm/5.4.1/bin/../lib/gcc/arm-none-eabi/5.4.1/../../../../arm-none-eabi/lib/armv7-m/crt0.o
 .ARM.attributes
                0x00000065       0x33 .\CortexM3\ARM_GCC_541\Debug\main.o
 .ARM.attributes
                0x00000098       0x33 .\CortexM3\ARM_GCC_541\Debug\oled.o
 .ARM.attributes
                0x000000cb       0x33 .\CortexM3\ARM_GCC_541\Debug\font.o
 .ARM.attributes
                0x000000fe       0x33 .\CortexM3\ARM_GCC_541\Debug\cyfitter_cfg.o
 .ARM.attributes
                0x00000131       0x33 .\CortexM3\ARM_GCC_541\Debug\cymetadata.o
 .ARM.attributes
                0x00000164       0x33 .\CortexM3\ARM_GCC_541\Debug\Cm3Start.o
 .ARM.attributes
                0x00000197       0x33 .\CortexM3\ARM_GCC_541\Debug\OLED_I2C.a(CyLib.o)
 .ARM.attributes
                0x000001ca       0x33 .\CortexM3\ARM_GCC_541\Debug\OLED_I2C.a(cyPm.o)
 .ARM.attributes
                0x000001fd       0x33 .\CortexM3\ARM_GCC_541\Debug\OLED_I2C.a(I2C_OLED.o)
 .ARM.attributes
                0x00000230       0x33 .\CortexM3\ARM_GCC_541\Debug\OLED_I2C.a(I2C_OLED_INT.o)
 .ARM.attributes
                0x00000263       0x33 .\CortexM3\ARM_GCC_541\Debug\OLED_I2C.a(I2C_OLED_PM.o)
 .ARM.attributes
                0x00000296       0x33 .\CortexM3\ARM_GCC_541\Debug\OLED_I2C.a(I2C_OLED_MASTER.o)
 .ARM.attributes
                0x000002c9       0x21 .\CortexM3\ARM_GCC_541\Debug\OLED_I2C.a(CyBootAsmGnu.o)
 .ARM.attributes
                0x000002ea       0x33 .\CortexM3\ARM_GCC_541\Debug\OLED_I2C.a(CyFlash.o)
 .ARM.attributes
                0x0000031d       0x33 .\CortexM3\ARM_GCC_541\Debug\OLED_I2C.a(CySpc.o)
 .ARM.attributes
                0x00000350       0x2d c:/program files (x86)/cypress/psoc creator/4.2/psoc creator/import/gnu/arm/5.4.1/bin/../lib/gcc/arm-none-eabi/5.4.1/../../../../arm-none-eabi/lib/armv7-m\libg_nano.a(lib_a-errno.o)
 .ARM.attributes
                0x0000037d       0x2d c:/program files (x86)/cypress/psoc creator/4.2/psoc creator/import/gnu/arm/5.4.1/bin/../lib/gcc/arm-none-eabi/5.4.1/../../../../arm-none-eabi/lib/armv7-m\libg_nano.a(lib_a-exit.o)
 .ARM.attributes
                0x000003aa       0x2d c:/program files (x86)/cypress/psoc creator/4.2/psoc creator/import/gnu/arm/5.4.1/bin/../lib/gcc/arm-none-eabi/5.4.1/../../../../arm-none-eabi/lib/armv7-m\libg_nano.a(lib_a-impure.o)
 .ARM.attributes
                0x000003d7       0x2d c:/program files (x86)/cypress/psoc creator/4.2/psoc creator/import/gnu/arm/5.4.1/bin/../lib/gcc/arm-none-eabi/5.4.1/../../../../arm-none-eabi/lib/armv7-m\libg_nano.a(lib_a-init.o)
 .ARM.attributes
                0x00000404       0x2d c:/program files (x86)/cypress/psoc creator/4.2/psoc creator/import/gnu/arm/5.4.1/bin/../lib/gcc/arm-none-eabi/5.4.1/../../../../arm-none-eabi/lib/armv7-m\libg_nano.a(lib_a-memcpy-stub.o)
 .ARM.attributes
                0x00000431       0x2d c:/program files (x86)/cypress/psoc creator/4.2/psoc creator/import/gnu/arm/5.4.1/bin/../lib/gcc/arm-none-eabi/5.4.1/../../../../arm-none-eabi/lib/armv7-m\libg_nano.a(lib_a-memset.o)
 .ARM.attributes
                0x0000045e       0x2d c:/program files (x86)/cypress/psoc creator/4.2/psoc creator/import/gnu/arm/5.4.1/bin/../lib/gcc/arm-none-eabi/5.4.1/armv7-m/crtend.o
 .ARM.attributes
                0x0000048b       0x1d c:/program files (x86)/cypress/psoc creator/4.2/psoc creator/import/gnu/arm/5.4.1/bin/../lib/gcc/arm-none-eabi/5.4.1/armv7-m/crtn.o

/DISCARD/
 *(.note.GNU-stack)
OUTPUT(C:\Users\seanj\Documents\RLE\kent\OLED\OLED_I2C.cydsn\CortexM3\ARM_GCC_541\Debug\OLED_I2C.elf elf32-littlearm)
